Archive member included to satisfy reference by file (symbol)

D:/New folder/STM32CubeIDE_1.4.0/STM32CubeIDE/plugins/com.st.stm32cube.ide.mcu.externaltools.gnu-tools-for-stm32.11.3.rel1.win32_1.1.100.202309141235/tools/bin/../lib/gcc/arm-none-eabi/11.3.1/../../../../arm-none-eabi/lib/thumb/v7e-m+fp/hard\libc_nano.a(libc_a-exit.o)
                              D:/New folder/STM32CubeIDE_1.4.0/STM32CubeIDE/plugins/com.st.stm32cube.ide.mcu.externaltools.gnu-tools-for-stm32.11.3.rel1.win32_1.1.100.202309141235/tools/bin/../lib/gcc/arm-none-eabi/11.3.1/../../../../arm-none-eabi/lib/thumb/v7e-m+fp/hard/crt0.o (exit)
D:/New folder/STM32CubeIDE_1.4.0/STM32CubeIDE/plugins/com.st.stm32cube.ide.mcu.externaltools.gnu-tools-for-stm32.11.3.rel1.win32_1.1.100.202309141235/tools/bin/../lib/gcc/arm-none-eabi/11.3.1/../../../../arm-none-eabi/lib/thumb/v7e-m+fp/hard\libc_nano.a(libc_a-findfp.o)
                              D:/New folder/STM32CubeIDE_1.4.0/STM32CubeIDE/plugins/com.st.stm32cube.ide.mcu.externaltools.gnu-tools-for-stm32.11.3.rel1.win32_1.1.100.202309141235/tools/bin/../lib/gcc/arm-none-eabi/11.3.1/../../../../arm-none-eabi/lib/thumb/v7e-m+fp/hard\libc_nano.a(libc_a-exit.o) (__stdio_exit_handler)
D:/New folder/STM32CubeIDE_1.4.0/STM32CubeIDE/plugins/com.st.stm32cube.ide.mcu.externaltools.gnu-tools-for-stm32.11.3.rel1.win32_1.1.100.202309141235/tools/bin/../lib/gcc/arm-none-eabi/11.3.1/../../../../arm-none-eabi/lib/thumb/v7e-m+fp/hard\libc_nano.a(libc_a-fwalk.o)
                              D:/New folder/STM32CubeIDE_1.4.0/STM32CubeIDE/plugins/com.st.stm32cube.ide.mcu.externaltools.gnu-tools-for-stm32.11.3.rel1.win32_1.1.100.202309141235/tools/bin/../lib/gcc/arm-none-eabi/11.3.1/../../../../arm-none-eabi/lib/thumb/v7e-m+fp/hard\libc_nano.a(libc_a-findfp.o) (_fwalk_sglue)
D:/New folder/STM32CubeIDE_1.4.0/STM32CubeIDE/plugins/com.st.stm32cube.ide.mcu.externaltools.gnu-tools-for-stm32.11.3.rel1.win32_1.1.100.202309141235/tools/bin/../lib/gcc/arm-none-eabi/11.3.1/../../../../arm-none-eabi/lib/thumb/v7e-m+fp/hard\libc_nano.a(libc_a-stdio.o)
                              D:/New folder/STM32CubeIDE_1.4.0/STM32CubeIDE/plugins/com.st.stm32cube.ide.mcu.externaltools.gnu-tools-for-stm32.11.3.rel1.win32_1.1.100.202309141235/tools/bin/../lib/gcc/arm-none-eabi/11.3.1/../../../../arm-none-eabi/lib/thumb/v7e-m+fp/hard\libc_nano.a(libc_a-findfp.o) (__sread)
D:/New folder/STM32CubeIDE_1.4.0/STM32CubeIDE/plugins/com.st.stm32cube.ide.mcu.externaltools.gnu-tools-for-stm32.11.3.rel1.win32_1.1.100.202309141235/tools/bin/../lib/gcc/arm-none-eabi/11.3.1/../../../../arm-none-eabi/lib/thumb/v7e-m+fp/hard\libc_nano.a(libc_a-memset.o)
                              D:/New folder/STM32CubeIDE_1.4.0/STM32CubeIDE/plugins/com.st.stm32cube.ide.mcu.externaltools.gnu-tools-for-stm32.11.3.rel1.win32_1.1.100.202309141235/tools/bin/../lib/gcc/arm-none-eabi/11.3.1/../../../../arm-none-eabi/lib/thumb/v7e-m+fp/hard/crt0.o (memset)
D:/New folder/STM32CubeIDE_1.4.0/STM32CubeIDE/plugins/com.st.stm32cube.ide.mcu.externaltools.gnu-tools-for-stm32.11.3.rel1.win32_1.1.100.202309141235/tools/bin/../lib/gcc/arm-none-eabi/11.3.1/../../../../arm-none-eabi/lib/thumb/v7e-m+fp/hard\libc_nano.a(libc_a-closer.o)
                              D:/New folder/STM32CubeIDE_1.4.0/STM32CubeIDE/plugins/com.st.stm32cube.ide.mcu.externaltools.gnu-tools-for-stm32.11.3.rel1.win32_1.1.100.202309141235/tools/bin/../lib/gcc/arm-none-eabi/11.3.1/../../../../arm-none-eabi/lib/thumb/v7e-m+fp/hard\libc_nano.a(libc_a-stdio.o) (_close_r)
D:/New folder/STM32CubeIDE_1.4.0/STM32CubeIDE/plugins/com.st.stm32cube.ide.mcu.externaltools.gnu-tools-for-stm32.11.3.rel1.win32_1.1.100.202309141235/tools/bin/../lib/gcc/arm-none-eabi/11.3.1/../../../../arm-none-eabi/lib/thumb/v7e-m+fp/hard\libc_nano.a(libc_a-reent.o)
                              D:/New folder/STM32CubeIDE_1.4.0/STM32CubeIDE/plugins/com.st.stm32cube.ide.mcu.externaltools.gnu-tools-for-stm32.11.3.rel1.win32_1.1.100.202309141235/tools/bin/../lib/gcc/arm-none-eabi/11.3.1/../../../../arm-none-eabi/lib/thumb/v7e-m+fp/hard\libc_nano.a(libc_a-closer.o) (errno)
D:/New folder/STM32CubeIDE_1.4.0/STM32CubeIDE/plugins/com.st.stm32cube.ide.mcu.externaltools.gnu-tools-for-stm32.11.3.rel1.win32_1.1.100.202309141235/tools/bin/../lib/gcc/arm-none-eabi/11.3.1/../../../../arm-none-eabi/lib/thumb/v7e-m+fp/hard\libc_nano.a(libc_a-impure.o)
                              D:/New folder/STM32CubeIDE_1.4.0/STM32CubeIDE/plugins/com.st.stm32cube.ide.mcu.externaltools.gnu-tools-for-stm32.11.3.rel1.win32_1.1.100.202309141235/tools/bin/../lib/gcc/arm-none-eabi/11.3.1/../../../../arm-none-eabi/lib/thumb/v7e-m+fp/hard\libc_nano.a(libc_a-reent.o) (_impure_ptr)
D:/New folder/STM32CubeIDE_1.4.0/STM32CubeIDE/plugins/com.st.stm32cube.ide.mcu.externaltools.gnu-tools-for-stm32.11.3.rel1.win32_1.1.100.202309141235/tools/bin/../lib/gcc/arm-none-eabi/11.3.1/../../../../arm-none-eabi/lib/thumb/v7e-m+fp/hard\libc_nano.a(libc_a-lseekr.o)
[...]
Memory Configuration

Name             Origin             Length             Attributes
RAM              0x0000000020000000 0x0000000000020000 xrw
FLASH            0x0000000008000000 0x0000000000080000 xr
*default*        0x0000000000000000 0xffffffffffffffff

Linker script and memory map

LOAD D:/New folder/STM32CubeIDE_1.4.0/STM32CubeIDE/plugins/com.st.stm32cube.ide.mcu.externaltools.gnu-tools-for-stm32.11.3.rel1.win32_1.1.100.202309141235/tools/bin/../lib/gcc/arm-none-eabi/11.3.1/thumb/v7e-m+fp/hard/crti.o
LOAD D:/New folder/STM32CubeIDE_1.4.0/STM32CubeIDE/plugins/com.st.stm32cube.ide.mcu.externaltools.gnu-tools-for-stm32.11.3.rel1.win32_1.1.100.202309141235/tools/bin/../lib/gcc/arm-none-eabi/11.3.1/thumb/v7e-m+fp/hard/crtbegin.o
LOAD D:/New folder/STM32CubeIDE_1.4.0/STM32CubeIDE/plugins/com.st.stm32cube.ide.mcu.externaltools.gnu-tools-for-stm32.11.3.rel1.win32_1.1.100.202309141235/tools/bin/../lib/gcc/arm-none-eabi/11.3.1/../../../../arm-none-eabi/lib/thumb/v7e-m+fp/hard/crt0.o
LOAD ./Core/Src/freertos.o
LOAD ./Core/Src/main.o
LOAD ./Core/Src/stm32f4xx_hal_msp.o
LOAD ./Core/Src/stm32f4xx_it.o
LOAD ./Core/Src/syscalls.o
LOAD ./Core/Src/sysmem.o
LOAD ./Core/Src/system_stm32f4xx.o
LOAD ./Core/Startup/startup_stm32f446retx.o
LOAD ./Drivers/STM32F4xx_HAL_Driver/Src/stm32f4xx_hal.o
LOAD ./Drivers/STM32F4xx_HAL_Driver/Src/stm32f4xx_hal_cortex.o
LOAD ./Drivers/STM32F4xx_HAL_Driver/Src/stm32f4xx_hal_dma.o
LOAD ./Drivers/STM32F4xx_HAL_Driver/Src/stm32f4xx_hal_dma_ex.o
LOAD ./Drivers/STM32F4xx_HAL_Driver/Src/stm32f4xx_hal_exti.o
LOAD ./Drivers/STM32F4xx_HAL_Driver/Src/stm32f4xx_hal_flash.o
LOAD ./Drivers/STM32F4xx_HAL_Driver/Src/stm32f4xx_hal_flash_ex.o
LOAD ./Drivers/STM32F4xx_HAL_Driver/Src/stm32f4xx_hal_flash_ramfunc.o
LOAD ./Drivers/STM32F4xx_HAL_Driver/Src/stm32f4xx_hal_gpio.o
LOAD ./Drivers/STM32F4xx_HAL_Driver/Src/stm32f4xx_hal_pwr.o
LOAD ./Drivers/STM32F4xx_HAL_Driver/Src/stm32f4xx_hal_pwr_ex.o
LOAD ./Drivers/STM32F4xx_HAL_Driver/Src/stm32f4xx_hal_rcc.o
LOAD ./Drivers/STM32F4xx_HAL_Driver/Src/stm32f4xx_hal_rcc_ex.o
LOAD ./Drivers/STM32F4xx_HAL_Driver/Src/stm32f4xx_hal_tim.o
LOAD ./Drivers/STM32F4xx_HAL_Driver/Src/stm32f4xx_hal_tim_ex.o
LOAD ./Drivers/STM32F4xx_HAL_Driver/Src/stm32f4xx_hal_uart.o
LOAD ./Middlewares/Third_Party/FreeRTOS/Source/CMSIS_RTOS/cmsis_os.o
LOAD ./Middlewares/Third_Party/FreeRTOS/Source/croutine.o
LOAD ./Middlewares/Third_Party/FreeRTOS/Source/event_groups.o
LOAD ./Middlewares/Third_Party/FreeRTOS/Source/list.o
LOAD ./Middlewares/Third_Party/FreeRTOS/Source/queue.o
LOAD ./Middlewares/Third_Party/FreeRTOS/Source/stream_buffer.o
LOAD ./Middlewares/Third_Party/FreeRTOS/Source/tasks.o
LOAD ./Middlewares/Third_Party/FreeRTOS/Source/timers.o
LOAD ./Middlewares/Third_Party/FreeRTOS/Source/portable/GCC/ARM_CM4F/port.o
LOAD ./Middlewares/Third_Party/FreeRTOS/Source/portable/MemMang/heap_4.o
START GROUP
LOAD D:/New folder/STM32CubeIDE_1.4.0/STM32CubeIDE/plugins/com.st.stm32cube.ide.mcu.externaltools.gnu-tools-for-stm32.11.3.rel1.win32_1.1.100.202309141235/tools/bin/../lib/gcc/arm-none-eabi/11.3.1/../../../../arm-none-eabi/lib/thumb/v7e-m+fp/hard\libc_nano.a
LOAD D:/New folder/STM32CubeIDE_1.4.0/STM32CubeIDE/plugins/com.st.stm32cube.ide.mcu.externaltools.gnu-tools-for-stm32.11.3.rel1.win32_1.1.100.202309141235/tools/bin/../lib/gcc/arm-none-eabi/11.3.1/../../../../arm-none-eabi/lib/thumb/v7e-m+fp/hard\libm.a
END GROUP
START GROUP
LOAD D:/New folder/STM32CubeIDE_1.4.0/STM32CubeIDE/plugins/com.st.stm32cube.ide.mcu.externaltools.gnu-tools-for-stm32.11.3.rel1.win32_1.1.100.202309141235/tools/bin/../lib/gcc/arm-none-eabi/11.3.1/thumb/v7e-m+fp/hard\libgcc.a
LOAD D:/New folder/STM32CubeIDE_1.4.0/STM32CubeIDE/plugins/com.st.stm32cube.ide.mcu.externaltools.gnu-tools-for-stm32.11.3.rel1.win32_1.1.100.202309141235/tools/bin/../lib/gcc/arm-none-eabi/11.3.1/../../../../arm-none-eabi/lib/thumb/v7e-m+fp/hard\libc_nano.a
END GROUP
START GROUP
LOAD D:/New folder/STM32CubeIDE_1.4.0/STM32CubeIDE/plugins/com.st.stm32cube.ide.mcu.externaltools.gnu-tools-for-stm32.11.3.rel1.win32_1.1.100.202309141235/tools/bin/../lib/gcc/arm-none-eabi/11.3.1/thumb/v7e-m+fp/hard\libgcc.a
LOAD D:/New folder/STM32CubeIDE_1.4.0/STM32CubeIDE/plugins/com.st.stm32cube.ide.mcu.externaltools.gnu-tools-for-stm32.11.3.rel1.win32_1.1.100.202309141235/tools/bin/../lib/gcc/arm-none-eabi/11.3.1/../../../../arm-none-eabi/lib/thumb/v7e-m+fp/hard\libc_nano.a
LOAD D:/New folder/STM32CubeIDE_1.4.0/STM32CubeIDE/plugins/com.st.stm32cube.ide.mcu.externaltools.gnu-tools-for-stm32.11.3.rel1.win32_1.1.100.202309141235/tools/bin/../lib/gcc/arm-none-eabi/11.3.1/../../../../arm-none-eabi/lib/thumb/v7e-m+fp/hard\libnosys.a
END GROUP
START GROUP
LOAD D:/New folder/STM32CubeIDE_1.4.0/STM32CubeIDE/plugins/com.st.stm32cube.ide.mcu.externaltools.gnu-tools-for-stm32.11.3.rel1.win32_1.1.100.202309141235/tools/bin/../lib/gcc/arm-none-eabi/11.3.1/thumb/v7e-m+fp/hard\libgcc.a
LOAD D:/New folder/STM32CubeIDE_1.4.0/STM32CubeIDE/plugins/com.st.stm32cube.ide.mcu.externaltools.gnu-tools-for-stm32.11.3.rel1.win32_1.1.100.202309141235/tools/bin/../lib/gcc/arm-none-eabi/11.3.1/../../../../arm-none-eabi/lib/thumb/v7e-m+fp/hard\libc_nano.a
LOAD D:/New folder/STM32CubeIDE_1.4.0/STM32CubeIDE/plugins/com.st.stm32cube.ide.mcu.externaltools.gnu-tools-for-stm32.11.3.rel1.win32_1.1.100.202309141235/tools/bin/../lib/gcc/arm-none-eabi/11.3.1/../../../../arm-none-eabi/lib/thumb/v7e-m+fp/hard\libnosys.a
END GROUP
LOAD D:/New folder/STM32CubeIDE_1.4.0/STM32CubeIDE/plugins/com.st.stm32cube.ide.mcu.externaltools.gnu-tools-for-stm32.11.3.rel1.win32_1.1.100.202309141235/tools/bin/../lib/gcc/arm-none-eabi/11.3.1/thumb/v7e-m+fp/hard/crtend.o
LOAD D:/New folder/STM32CubeIDE_1.4.0/STM32CubeIDE/plugins/com.st.stm32cube.ide.mcu.externaltools.gnu-tools-for-stm32.11.3.rel1.win32_1.1.100.202309141235/tools/bin/../lib/gcc/arm-none-eabi/11.3.1/thumb/v7e-m+fp/hard/crtn.o
                0x0000000020020000                _estack = (ORIGIN (RAM) + LENGTH (RAM))
                0x0000000000000200                _Min_Heap_Size = 0x200
                0x0000000000000400                _Min_Stack_Size = 0x400

.isr_vector     0x0000000008000000      0x1c4
                0x0000000008000000                . = ALIGN (0x4)
 *(.isr_vector)
 .isr_vector    0x0000000008000000      0x1c4 ./Core/Startup/startup_stm32f446retx.o
                0x0000000008000000                g_pfnVectors
                0x00000000080001c4                . = ALIGN (0x4)

.text           0x00000000080001d0     0x5068
                0x00000000080001d0                . = ALIGN (0x4)
 *(.text)
 .text          0x00000000080001d0       0x40 D:/New folder/STM32CubeIDE_1.4.0/STM32CubeIDE/plugins/com.st.stm32cube.ide.mcu.externaltools.gnu-tools-for-stm32.11.3.rel1.win32_1.1.100.202309141235/tools/bin/../lib/gcc/arm-none-eabi/11.3.1/thumb/v7e-m+fp/hard/crtbegin.o
 .text          0x0000000008000210       0x30 D:/New folder/STM32CubeIDE_1.4.0/STM32CubeIDE/plugins/com.st.stm32cube.ide.mcu.externaltools.gnu-tools-for-stm32.11.3.rel1.win32_1.1.100.202309141235/tools/bin/../lib/gcc/arm-none-eabi/11.3.1/thumb/v7e-m+fp/hard\libgcc.a(_aeabi_uldivmod.o)
                0x0000000008000210                __aeabi_uldivmod
 .text          0x0000000008000240      0x2c8 D:/New folder/STM32CubeIDE_1.4.0/STM32CubeIDE/plugins/com.st.stm32cube.ide.mcu.externaltools.gnu-tools-for-stm32.11.3.rel1.win32_1.1.100.202309141235/tools/bin/../lib/gcc/arm-none-eabi/11.3.1/thumb/v7e-m+fp/hard\libgcc.a(_udivmoddi4.o)
                0x0000000008000240                __udivmoddi4
 .text          0x0000000008000508        0x4 D:/New folder/STM32CubeIDE_1.4.0/STM32CubeIDE/plugins/com.st.stm32cube.ide.mcu.externaltools.gnu-tools-for-stm32.11.3.rel1.win32_1.1.100.202309141235/tools/bin/../lib/gcc/arm-none-eabi/11.3.1/thumb/v7e-m+fp/hard\libgcc.a(_dvmd_tls.o)
                0x0000000008000508                __aeabi_idiv0
                0x0000000008000508                __aeabi_ldiv0
 *(.text*)
 .text.vApplicationGetIdleTaskMemory
                0x000000000800050c       0x34 ./Core/Src/freertos.o
                0x000000000800050c                vApplicationGetIdleTaskMemory
 .text.main     0x0000000008000540       0xbc ./Core/Src/main.o
                0x0000000008000540                main
 .text.createTasks
                0x00000000080005fc       0xd4 ./Core/Src/main.o
                0x00000000080005fc                createTasks
 .text.Button_Task
                0x00000000080006d0       0xf8 ./Core/Src/main.o
                0x00000000080006d0                Button_Task
 .text.Handle_Button_Press
                0x00000000080007c8       0xf4 ./Core/Src/main.o
                0x00000000080007c8                Handle_Button_Press
 .text.Driver_Up_Auto
                0x00000000080008bc       0x40 ./Core/Src/main.o
                0x00000000080008bc                Driver_Up_Auto
 .text.Driver_Up_Manual
                0x00000000080008fc       0x48 ./Core/Src/main.o
                0x00000000080008fc                Driver_Up_Manual
 .text.Driver_Down_Auto
                0x0000000008000944       0x40 ./Core/Src/main.o
                0x0000000008000944                Driver_Down_Auto
 .text.Driver_Down_Manual
                0x0000000008000984       0x48 ./Core/Src/main.o
                0x0000000008000984                Driver_Down_Manual
 .text.Passenger_Up_Auto
                0x00000000080009cc       0x40 ./Core/Src/main.o
                0x00000000080009cc                Passenger_Up_Auto
 .text.Passenger_Up_Manual
                0x0000000008000a0c       0x48 ./Core/Src/main.o
                0x0000000008000a0c                Passenger_Up_Manual
 .text.Passenger_Down_Auto
                0x0000000008000a54       0x40 ./Core/Src/main.o
                0x0000000008000a54                Passenger_Down_Auto
 .text.Passenger_Down_Manual
                0x0000000008000a94       0x48 ./Core/Src/main.o
                0x0000000008000a94                Passenger_Down_Manual
 .text.Handle_Window_Movement
                0x0000000008000adc       0xc4 ./Core/Src/main.o
                0x0000000008000adc                Handle_Window_Movement
 .text.Handle_Manual_Movement
                0x0000000008000ba0       0xd0 ./Core/Src/main.o
                0x0000000008000ba0                Handle_Manual_Movement
 .text.Set_Upper_Limit
                0x0000000008000c70       0x28 ./Core/Src/main.o
                0x0000000008000c70                Set_Upper_Limit
 .text.Set_Lower_Limit
                0x0000000008000c98       0x28 ./Core/Src/main.o
                0x0000000008000c98                Set_Lower_Limit
 .text.Set_Window_Lock
                0x0000000008000cc0       0x34 ./Core/Src/main.o
                0x0000000008000cc0                Set_Window_Lock
 .text.Set_Jam_Detected
                0x0000000008000cf4       0x28 ./Core/Src/main.o
                0x0000000008000cf4                Set_Jam_Detected
 .text.Motor_Move_Forward
                0x0000000008000d1c       0x24 ./Core/Src/main.o
                0x0000000008000d1c                Motor_Move_Forward
 .text.Motor_Move_Backward
                0x0000000008000d40       0x24 ./Core/Src/main.o
                0x0000000008000d40                Motor_Move_Backward
 .text.Motor_Stop
                0x0000000008000d64       0x24 ./Core/Src/main.o
                0x0000000008000d64                Motor_Stop
 .text.SystemClock_Config
                0x0000000008000d88       0xdc ./Core/Src/main.o
                0x0000000008000d88                SystemClock_Config
 .text.MX_USART2_UART_Init
                0x0000000008000e64       0x54 ./Core/Src/main.o
 .text.MX_GPIO_Init
                0x0000000008000eb8      0x18c ./Core/Src/main.o
 .text.Error_Handler
                0x0000000008001044        0xa ./Core/Src/main.o
                0x0000000008001044                Error_Handler
 *fill*         0x000000000800104e        0x2 
 .text.HAL_MspInit
                0x0000000008001050       0x58 ./Core/Src/stm32f4xx_hal_msp.o
                0x0000000008001050                HAL_MspInit
 .text.HAL_UART_MspInit
                0x00000000080010a8       0x90 ./Core/Src/stm32f4xx_hal_msp.o
                0x00000000080010a8                HAL_UART_MspInit
 .text.NMI_Handler
                0x0000000008001138        0x6 ./Core/Src/stm32f4xx_it.o
                0x0000000008001138                NMI_Handler
 .text.HardFault_Handler
                0x000000000800113e        0x6 ./Core/Src/stm32f4xx_it.o
                0x000000000800113e                HardFault_Handler
 .text.MemManage_Handler
                0x0000000008001144        0x6 ./Core/Src/stm32f4xx_it.o
                0x0000000008001144                MemManage_Handler
 .text.BusFault_Handler
                0x000000000800114a        0x6 ./Core/Src/stm32f4xx_it.o
                0x000000000800114a                BusFault_Handler
 .text.UsageFault_Handler
                0x0000000008001150        0x6 ./Core/Src/stm32f4xx_it.o
                0x0000000008001150                UsageFault_Handler
 .text.DebugMon_Handler
                0x0000000008001156        0xe ./Core/Src/stm32f4xx_it.o
                0x0000000008001156                DebugMon_Handler
 .text.SysTick_Handler
                0x0000000008001164       0x1a ./Core/Src/stm32f4xx_it.o
                0x0000000008001164                SysTick_Handler
 *fill*         0x000000000800117e        0x2 
 .text.EXTI1_IRQHandler
                0x0000000008001180       0x5c ./Core/Src/stm32f4xx_it.o
                0x0000000008001180                EXTI1_IRQHandler
 .text.EXTI2_IRQHandler
                0x00000000080011dc       0x5c ./Core/Src/stm32f4xx_it.o
                0x00000000080011dc                EXTI2_IRQHandler
 .text.EXTI15_10_IRQHandler
                0x0000000008001238       0xb0 ./Core/Src/stm32f4xx_it.o
                0x0000000008001238                EXTI15_10_IRQHandler
 .text.SystemInit
                0x00000000080012e8       0x24 ./Core/Src/system_stm32f4xx.o
                0x00000000080012e8                SystemInit
 .text.Reset_Handler
                0x000000000800130c       0x50 ./Core/Startup/startup_stm32f446retx.o
                0x000000000800130c                Reset_Handler
 .text.Default_Handler
                0x000000000800135c        0x2 ./Core/Startup/startup_stm32f446retx.o
                0x000000000800135c                RTC_Alarm_IRQHandler
                0x000000000800135c                TIM8_CC_IRQHandler
                0x000000000800135c                FMPI2C1_EV_IRQHandler
                0x000000000800135c                SPI4_IRQHandler
                0x000000000800135c                TIM1_CC_IRQHandler
                0x000000000800135c                DMA2_Stream5_IRQHandler
                0x000000000800135c                DMA1_Stream5_IRQHandler
                0x000000000800135c                PVD_IRQHandler
                0x000000000800135c                SDIO_IRQHandler
                0x000000000800135c                TAMP_STAMP_IRQHandler
                0x000000000800135c                CAN2_RX1_IRQHandler
                0x000000000800135c                EXTI3_IRQHandler
                0x000000000800135c                TIM8_TRG_COM_TIM14_IRQHandler
                0x000000000800135c                TIM1_UP_TIM10_IRQHandler
                0x000000000800135c                TIM8_UP_TIM13_IRQHandler
                0x000000000800135c                I2C3_ER_IRQHandler
                0x000000000800135c                EXTI0_IRQHandler
                0x000000000800135c                I2C2_EV_IRQHandler
                0x000000000800135c                DMA1_Stream2_IRQHandler
                0x000000000800135c                CAN1_RX0_IRQHandler
                0x000000000800135c                FPU_IRQHandler
                0x000000000800135c                OTG_HS_WKUP_IRQHandler
                0x000000000800135c                CAN2_SCE_IRQHandler
                0x000000000800135c                DMA2_Stream2_IRQHandler
                0x000000000800135c                SPI1_IRQHandler
                0x000000000800135c                TIM6_DAC_IRQHandler
                0x000000000800135c                TIM1_BRK_TIM9_IRQHandler
                0x000000000800135c                DCMI_IRQHandler
                0x000000000800135c                CAN2_RX0_IRQHandler
                0x000000000800135c                DMA2_Stream3_IRQHandler
                0x000000000800135c                SAI2_IRQHandler
                0x000000000800135c                USART6_IRQHandler
                0x000000000800135c                USART3_IRQHandler
                0x000000000800135c                CAN1_RX1_IRQHandler
                0x000000000800135c                UART5_IRQHandler
                0x000000000800135c                DMA2_Stream0_IRQHandler
                0x000000000800135c                TIM4_IRQHandler
                0x000000000800135c                QUADSPI_IRQHandler
                0x000000000800135c                I2C1_EV_IRQHandler
                0x000000000800135c                DMA1_Stream6_IRQHandler
                0x000000000800135c                DMA1_Stream1_IRQHandler
                0x000000000800135c                UART4_IRQHandler
                0x000000000800135c                TIM3_IRQHandler
                0x000000000800135c                RCC_IRQHandler
                0x000000000800135c                TIM8_BRK_TIM12_IRQHandler
                0x000000000800135c                Default_Handler
                0x000000000800135c                CEC_IRQHandler
                0x000000000800135c                ADC_IRQHandler
                0x000000000800135c                DMA1_Stream7_IRQHandler
                0x000000000800135c                TIM7_IRQHandler
                0x000000000800135c                CAN2_TX_IRQHandler
                0x000000000800135c                TIM5_IRQHandler
                0x000000000800135c                DMA2_Stream7_IRQHandler
                0x000000000800135c                I2C3_EV_IRQHandler
                0x000000000800135c                EXTI9_5_IRQHandler
                0x000000000800135c                RTC_WKUP_IRQHandler
                0x000000000800135c                SPDIF_RX_IRQHandler
                0x000000000800135c                SPI2_IRQHandler
                0x000000000800135c                OTG_HS_EP1_IN_IRQHandler
                0x000000000800135c                DMA1_Stream0_IRQHandler
                0x000000000800135c                CAN1_TX_IRQHandler
                0x000000000800135c                FMPI2C1_ER_IRQHandler
                0x000000000800135c                EXTI4_IRQHandler
                0x000000000800135c                OTG_HS_EP1_OUT_IRQHandler
                0x000000000800135c                WWDG_IRQHandler
                0x000000000800135c                TIM2_IRQHandler
                0x000000000800135c                OTG_FS_WKUP_IRQHandler
                0x000000000800135c                TIM1_TRG_COM_TIM11_IRQHandler
                0x000000000800135c                OTG_HS_IRQHandler
                0x000000000800135c                USART2_IRQHandler
                0x000000000800135c                I2C2_ER_IRQHandler
                0x000000000800135c                DMA2_Stream1_IRQHandler
                0x000000000800135c                CAN1_SCE_IRQHandler
                0x000000000800135c                FLASH_IRQHandler
                0x000000000800135c                DMA2_Stream4_IRQHandler
                0x000000000800135c                USART1_IRQHandler
                0x000000000800135c                OTG_FS_IRQHandler
                0x000000000800135c                SPI3_IRQHandler
                0x000000000800135c                DMA1_Stream4_IRQHandler
                0x000000000800135c                I2C1_ER_IRQHandler
                0x000000000800135c                FMC_IRQHandler
                0x000000000800135c                DMA2_Stream6_IRQHandler
                0x000000000800135c                SAI1_IRQHandler
                0x000000000800135c                DMA1_Stream3_IRQHandler
 *fill*         0x000000000800135e        0x2 
 .text.HAL_Init
                0x0000000008001360       0x44 ./Drivers/STM32F4xx_HAL_Driver/Src/stm32f4xx_hal.o
                0x0000000008001360                HAL_Init
 .text.HAL_InitTick
                0x00000000080013a4       0x60 ./Drivers/STM32F4xx_HAL_Driver/Src/stm32f4xx_hal.o
                0x00000000080013a4                HAL_InitTick
 .text.HAL_IncTick
                0x0000000008001404       0x28 ./Drivers/STM32F4xx_HAL_Driver/Src/stm32f4xx_hal.o
                0x0000000008001404                HAL_IncTick
 .text.HAL_GetTick
                0x000000000800142c       0x18 ./Drivers/STM32F4xx_HAL_Driver/Src/stm32f4xx_hal.o
                0x000000000800142c                HAL_GetTick
 .text.__NVIC_SetPriorityGrouping
                0x0000000008001444       0x48 ./Drivers/STM32F4xx_HAL_Driver/Src/stm32f4xx_hal_cortex.o
 .text.__NVIC_GetPriorityGrouping
                0x000000000800148c       0x1c ./Drivers/STM32F4xx_HAL_Driver/Src/stm32f4xx_hal_cortex.o
 .text.__NVIC_EnableIRQ
                0x00000000080014a8       0x3c ./Drivers/STM32F4xx_HAL_Driver/Src/stm32f4xx_hal_cortex.o
 .text.__NVIC_SetPriority
                0x00000000080014e4       0x54 ./Drivers/STM32F4xx_HAL_Driver/Src/stm32f4xx_hal_cortex.o
 .text.NVIC_EncodePriority
                0x0000000008001538       0x66 ./Drivers/STM32F4xx_HAL_Driver/Src/stm32f4xx_hal_cortex.o
 *fill*         0x000000000800159e        0x2 
 .text.SysTick_Config
                0x00000000080015a0       0x44 ./Drivers/STM32F4xx_HAL_Driver/Src/stm32f4xx_hal_cortex.o
 .text.HAL_NVIC_SetPriorityGrouping
                0x00000000080015e4       0x16 ./Drivers/STM32F4xx_HAL_Driver/Src/stm32f4xx_hal_cortex.o
                0x00000000080015e4                HAL_NVIC_SetPriorityGrouping
 .text.HAL_NVIC_SetPriority
                0x00000000080015fa       0x38 ./Drivers/STM32F4xx_HAL_Driver/Src/stm32f4xx_hal_cortex.o
                0x00000000080015fa                HAL_NVIC_SetPriority
 .text.HAL_NVIC_EnableIRQ
                0x0000000008001632       0x1c ./Drivers/STM32F4xx_HAL_Driver/Src/stm32f4xx_hal_cortex.o
                0x0000000008001632                HAL_NVIC_EnableIRQ
 .text.HAL_SYSTICK_Config
                0x000000000800164e       0x18 ./Drivers/STM32F4xx_HAL_Driver/Src/stm32f4xx_hal_cortex.o
                0x000000000800164e                HAL_SYSTICK_Config
 *fill*         0x0000000008001666        0x2 
 .text.HAL_GPIO_Init
                0x0000000008001668      0x328 ./Drivers/STM32F4xx_HAL_Driver/Src/stm32f4xx_hal_gpio.o
                0x0000000008001668                HAL_GPIO_Init
 .text.HAL_GPIO_ReadPin
                0x0000000008001990       0x30 ./Drivers/STM32F4xx_HAL_Driver/Src/stm32f4xx_hal_gpio.o
                0x0000000008001990                HAL_GPIO_ReadPin
 .text.HAL_GPIO_WritePin
                0x00000000080019c0       0x32 ./Drivers/STM32F4xx_HAL_Driver/Src/stm32f4xx_hal_gpio.o
                0x00000000080019c0                HAL_GPIO_WritePin
 *fill*         0x00000000080019f2        0x2 
 .text.HAL_GPIO_EXTI_IRQHandler
                0x00000000080019f4       0x30 ./Drivers/STM32F4xx_HAL_Driver/Src/stm32f4xx_hal_gpio.o
                0x00000000080019f4                HAL_GPIO_EXTI_IRQHandler
 .text.HAL_GPIO_EXTI_Callback
                0x0000000008001a24       0x16 ./Drivers/STM32F4xx_HAL_Driver/Src/stm32f4xx_hal_gpio.o
                0x0000000008001a24                HAL_GPIO_EXTI_Callback
 *fill*         0x0000000008001a3a        0x2 
 .text.HAL_RCC_ClockConfig
                0x0000000008001a3c      0x1cc ./Drivers/STM32F4xx_HAL_Driver/Src/stm32f4xx_hal_rcc.o
                0x0000000008001a3c                HAL_RCC_ClockConfig
 .text.HAL_RCC_GetHCLKFreq
                0x0000000008001c08       0x18 ./Drivers/STM32F4xx_HAL_Driver/Src/stm32f4xx_hal_rcc.o
                0x0000000008001c08                HAL_RCC_GetHCLKFreq
 .text.HAL_RCC_GetPCLK1Freq
                0x0000000008001c20       0x28 ./Drivers/STM32F4xx_HAL_Driver/Src/stm32f4xx_hal_rcc.o
                0x0000000008001c20                HAL_RCC_GetPCLK1Freq
 .text.HAL_RCC_GetPCLK2Freq
                0x0000000008001c48       0x28 ./Drivers/STM32F4xx_HAL_Driver/Src/stm32f4xx_hal_rcc.o
                0x0000000008001c48                HAL_RCC_GetPCLK2Freq
 .text.HAL_RCC_GetSysClockFreq
                0x0000000008001c70      0x460 ./Drivers/STM32F4xx_HAL_Driver/Src/stm32f4xx_hal_rcc_ex.o
                0x0000000008001c70                HAL_RCC_GetSysClockFreq
 .text.HAL_RCC_OscConfig
                0x00000000080020d0      0x53c ./Drivers/STM32F4xx_HAL_Driver/Src/stm32f4xx_hal_rcc_ex.o
                0x00000000080020d0                HAL_RCC_OscConfig
 .text.HAL_UART_Init
                0x000000000800260c       0xa0 ./Drivers/STM32F4xx_HAL_Driver/Src/stm32f4xx_hal_uart.o
                0x000000000800260c                HAL_UART_Init
 .text.UART_SetConfig
                0x00000000080026ac      0x4e8 ./Drivers/STM32F4xx_HAL_Driver/Src/stm32f4xx_hal_uart.o
 .text.vListInitialise
                0x0000000008002b94       0x40 ./Middlewares/Third_Party/FreeRTOS/Source/list.o
                0x0000000008002b94                vListInitialise
 .text.vListInitialiseItem
                0x0000000008002bd4       0x1a ./Middlewares/Third_Party/FreeRTOS/Source/list.o
                0x0000000008002bd4                vListInitialiseItem
 .text.vListInsertEnd
                0x0000000008002bee       0x48 ./Middlewares/Third_Party/FreeRTOS/Source/list.o
                0x0000000008002bee                vListInsertEnd
 .text.vListInsert
                0x0000000008002c36       0x72 ./Middlewares/Third_Party/FreeRTOS/Source/list.o
                0x0000000008002c36                vListInsert
 .text.uxListRemove
                0x0000000008002ca8       0x54 ./Middlewares/Third_Party/FreeRTOS/Source/list.o
                0x0000000008002ca8                uxListRemove
 .text.xQueueGenericReset
                0x0000000008002cfc       0xd0 ./Middlewares/Third_Party/FreeRTOS/Source/queue.o
                0x0000000008002cfc                xQueueGenericReset
 .text.xQueueGenericCreate
                0x0000000008002dcc       0x74 ./Middlewares/Third_Party/FreeRTOS/Source/queue.o
                0x0000000008002dcc                xQueueGenericCreate
 .text.prvInitialiseNewQueue
                0x0000000008002e40       0x3e ./Middlewares/Third_Party/FreeRTOS/Source/queue.o
 .text.prvInitialiseMutex
                0x0000000008002e7e       0x34 ./Middlewares/Third_Party/FreeRTOS/Source/queue.o
 .text.xQueueCreateMutex
                0x0000000008002eb2       0x30 ./Middlewares/Third_Party/FreeRTOS/Source/queue.o
                0x0000000008002eb2                xQueueCreateMutex
 *fill*         0x0000000008002ee2        0x2 
 .text.xQueueGenericSend
                0x0000000008002ee4      0x1fc ./Middlewares/Third_Party/FreeRTOS/Source/queue.o
                0x0000000008002ee4                xQueueGenericSend
 .text.xQueueGiveFromISR
                0x00000000080030e0      0x11a ./Middlewares/Third_Party/FreeRTOS/Source/queue.o
                0x00000000080030e0                xQueueGiveFromISR
 *fill*         0x00000000080031fa        0x2 
 .text.xQueueReceive
                0x00000000080031fc      0x1c0 ./Middlewares/Third_Party/FreeRTOS/Source/queue.o
                0x00000000080031fc                xQueueReceive
 .text.xQueueSemaphoreTake
                0x00000000080033bc      0x218 ./Middlewares/Third_Party/FreeRTOS/Source/queue.o
                0x00000000080033bc                xQueueSemaphoreTake
 .text.prvGetDisinheritPriorityAfterTimeout
                0x00000000080035d4       0x30 ./Middlewares/Third_Party/FreeRTOS/Source/queue.o
 .text.prvCopyDataToQueue
                0x0000000008003604       0xd4 ./Middlewares/Third_Party/FreeRTOS/Source/queue.o
 .text.prvCopyDataFromQueue
                0x00000000080036d8       0x4c ./Middlewares/Third_Party/FreeRTOS/Source/queue.o
 .text.prvUnlockQueue
                0x0000000008003724       0xa4 ./Middlewares/Third_Party/FreeRTOS/Source/queue.o
 .text.prvIsQueueEmpty
                0x00000000080037c8       0x2c ./Middlewares/Third_Party/FreeRTOS/Source/queue.o
 .text.prvIsQueueFull
                0x00000000080037f4       0x30 ./Middlewares/Third_Party/FreeRTOS/Source/queue.o
 .text.xTaskCreateStatic
                0x0000000008003824       0xba ./Middlewares/Third_Party/FreeRTOS/Source/tasks.o
                0x0000000008003824                xTaskCreateStatic
 .text.xTaskCreate
                0x00000000080038de       0x8a ./Middlewares/Third_Party/FreeRTOS/Source/tasks.o
                0x00000000080038de                xTaskCreate
 .text.prvInitialiseNewTask
                0x0000000008003968      0x10e ./Middlewares/Third_Party/FreeRTOS/Source/tasks.o
 *fill*         0x0000000008003a76        0x2 
 .text.prvAddNewTaskToReadyList
                0x0000000008003a78       0xd4 ./Middlewares/Third_Party/FreeRTOS/Source/tasks.o
 .text.vTaskDelete
                0x0000000008003b4c      0x120 ./Middlewares/Third_Party/FreeRTOS/Source/tasks.o
                0x0000000008003b4c                vTaskDelete
 .text.vTaskDelay
                0x0000000008003c6c       0x68 ./Middlewares/Third_Party/FreeRTOS/Source/tasks.o
                0x0000000008003c6c                vTaskDelay
 .text.vTaskStartScheduler
                0x0000000008003cd4       0xc0 ./Middlewares/Third_Party/FreeRTOS/Source/tasks.o
                0x0000000008003cd4                vTaskStartScheduler
 .text.vTaskSuspendAll
                0x0000000008003d94       0x1c ./Middlewares/Third_Party/FreeRTOS/Source/tasks.o
                0x0000000008003d94                vTaskSuspendAll
 .text.xTaskResumeAll
                0x0000000008003db0      0x138 ./Middlewares/Third_Party/FreeRTOS/Source/tasks.o
                0x0000000008003db0                xTaskResumeAll
 .text.xTaskGetTickCount
                0x0000000008003ee8       0x20 ./Middlewares/Third_Party/FreeRTOS/Source/tasks.o
                0x0000000008003ee8                xTaskGetTickCount
 .text.xTaskIncrementTick
                0x0000000008003f08      0x170 ./Middlewares/Third_Party/FreeRTOS/Source/tasks.o
                0x0000000008003f08                xTaskIncrementTick
 .text.vTaskSwitchContext
                0x0000000008004078       0xb8 ./Middlewares/Third_Party/FreeRTOS/Source/tasks.o
                0x0000000008004078                vTaskSwitchContext
 .text.vTaskPlaceOnEventList
                0x0000000008004130       0x48 ./Middlewares/Third_Party/FreeRTOS/Source/tasks.o
                0x0000000008004130                vTaskPlaceOnEventList
 .text.xTaskRemoveFromEventList
                0x0000000008004178       0xc4 ./Middlewares/Third_Party/FreeRTOS/Source/tasks.o
                0x0000000008004178                xTaskRemoveFromEventList
 .text.vTaskInternalSetTimeOutState
                0x000000000800423c       0x2c ./Middlewares/Third_Party/FreeRTOS/Source/tasks.o
                0x000000000800423c                vTaskInternalSetTimeOutState
 .text.xTaskCheckForTimeOut
                0x0000000008004268       0xc4 ./Middlewares/Third_Party/FreeRTOS/Source/tasks.o
                0x0000000008004268                xTaskCheckForTimeOut
 .text.vTaskMissedYield
                0x000000000800432c       0x18 ./Middlewares/Third_Party/FreeRTOS/Source/tasks.o
                0x000000000800432c                vTaskMissedYield
 .text.prvIdleTask
                0x0000000008004344       0x30 ./Middlewares/Third_Party/FreeRTOS/Source/tasks.o
 .text.prvInitialiseTaskLists
                0x0000000008004374       0x80 ./Middlewares/Third_Party/FreeRTOS/Source/tasks.o
 .text.prvCheckTasksWaitingTermination
                0x00000000080043f4       0x5c ./Middlewares/Third_Party/FreeRTOS/Source/tasks.o
 .text.prvDeleteTCB
                0x0000000008004450       0x5e ./Middlewares/Third_Party/FreeRTOS/Source/tasks.o
 *fill*         0x00000000080044ae        0x2 
 .text.prvResetNextTaskUnblockTime
                0x00000000080044b0       0x40 ./Middlewares/Third_Party/FreeRTOS/Source/tasks.o
 .text.xTaskGetSchedulerState
                0x00000000080044f0       0x3c ./Middlewares/Third_Party/FreeRTOS/Source/tasks.o
                0x00000000080044f0                xTaskGetSchedulerState
 .text.xTaskPriorityInherit
                0x000000000800452c       0xec ./Middlewares/Third_Party/FreeRTOS/Source/tasks.o
                0x000000000800452c                xTaskPriorityInherit
 .text.xTaskPriorityDisinherit
                0x0000000008004618      0x10c ./Middlewares/Third_Party/FreeRTOS/Source/tasks.o
                0x0000000008004618                xTaskPriorityDisinherit
 .text.vTaskPriorityDisinheritAfterTimeout
                0x0000000008004724      0x11c ./Middlewares/Third_Party/FreeRTOS/Source/tasks.o
                0x0000000008004724                vTaskPriorityDisinheritAfterTimeout
 .text.pvTaskIncrementMutexHeldCount
                0x0000000008004840       0x28 ./Middlewares/Third_Party/FreeRTOS/Source/tasks.o
                0x0000000008004840                pvTaskIncrementMutexHeldCount
 .text.prvAddCurrentTaskToDelayedList
                0x0000000008004868       0xcc ./Middlewares/Third_Party/FreeRTOS/Source/tasks.o
 .text.pxPortInitialiseStack
                0x0000000008004934       0x68 ./Middlewares/Third_Party/FreeRTOS/Source/portable/GCC/ARM_CM4F/port.o
                0x0000000008004934                pxPortInitialiseStack
 .text.prvTaskExitError
                0x000000000800499c       0x58 ./Middlewares/Third_Party/FreeRTOS/Source/portable/GCC/ARM_CM4F/port.o
 *fill*         0x00000000080049f4        0xc 
 .text.SVC_Handler
                0x0000000008004a00       0x28 ./Middlewares/Third_Party/FreeRTOS/Source/portable/GCC/ARM_CM4F/port.o
                0x0000000008004a00                SVC_Handler
 .text.prvPortStartFirstTask
                0x0000000008004a28       0x28 ./Middlewares/Third_Party/FreeRTOS/Source/portable/GCC/ARM_CM4F/port.o
 .text.xPortStartScheduler
                0x0000000008004a50      0x144 ./Middlewares/Third_Party/FreeRTOS/Source/portable/GCC/ARM_CM4F/port.o
                0x0000000008004a50                xPortStartScheduler
 .text.vPortEnterCritical
                0x0000000008004b94       0x60 ./Middlewares/Third_Party/FreeRTOS/Source/portable/GCC/ARM_CM4F/port.o
                0x0000000008004b94                vPortEnterCritical
 .text.vPortExitCritical
                0x0000000008004bf4       0x54 ./Middlewares/Third_Party/FreeRTOS/Source/portable/GCC/ARM_CM4F/port.o
                0x0000000008004bf4                vPortExitCritical
 *fill*         0x0000000008004c48        0x8 
 .text.PendSV_Handler
                0x0000000008004c50       0x68 ./Middlewares/Third_Party/FreeRTOS/Source/portable/GCC/ARM_CM4F/port.o
                0x0000000008004c50                PendSV_Handler
 .text.xPortSysTickHandler
                0x0000000008004cb8       0x44 ./Middlewares/Third_Party/FreeRTOS/Source/portable/GCC/ARM_CM4F/port.o
                0x0000000008004cb8                xPortSysTickHandler
 .text.vPortSetupTimerInterrupt
                0x0000000008004cfc       0x48 ./Middlewares/Third_Party/FreeRTOS/Source/portable/GCC/ARM_CM4F/port.o
                0x0000000008004cfc                vPortSetupTimerInterrupt
 .text.vPortEnableVFP
                0x0000000008004d44       0x14 ./Middlewares/Third_Party/FreeRTOS/Source/portable/GCC/ARM_CM4F/port.o
 .text.vPortValidateInterruptPriority
                0x0000000008004d58       0x80 ./Middlewares/Third_Party/FreeRTOS/Source/portable/GCC/ARM_CM4F/port.o
                0x0000000008004d58                vPortValidateInterruptPriority
 .text.pvPortMalloc
                0x0000000008004dd8      0x198 ./Middlewares/Third_Party/FreeRTOS/Source/portable/MemMang/heap_4.o
                0x0000000008004dd8                pvPortMalloc
 .text.vPortFree
                0x0000000008004f70       0xc4 ./Middlewares/Third_Party/FreeRTOS/Source/portable/MemMang/heap_4.o
                0x0000000008004f70                vPortFree
 .text.prvHeapInit
                0x0000000008005034       0xc4 ./Middlewares/Third_Party/FreeRTOS/Source/portable/MemMang/heap_4.o
 .text.prvInsertBlockIntoFreeList
                0x00000000080050f8       0xb4 ./Middlewares/Third_Party/FreeRTOS/Source/portable/MemMang/heap_4.o
 .text.memset   0x00000000080051ac       0x10 D:/New folder/STM32CubeIDE_1.4.0/STM32CubeIDE/plugins/com.st.stm32cube.ide.mcu.externaltools.gnu-tools-for-stm32.11.3.rel1.win32_1.1.100.202309141235/tools/bin/../lib/gcc/arm-none-eabi/11.3.1/../../../../arm-none-eabi/lib/thumb/v7e-m+fp/hard\libc_nano.a(libc_a-memset.o)
                0x00000000080051ac                memset
 .text.__libc_init_array
                0x00000000080051bc       0x48 D:/New folder/STM32CubeIDE_1.4.0/STM32CubeIDE/plugins/com.st.stm32cube.ide.mcu.externaltools.gnu-tools-for-stm32.11.3.rel1.win32_1.1.100.202309141235/tools/bin/../lib/gcc/arm-none-eabi/11.3.1/../../../../arm-none-eabi/lib/thumb/v7e-m+fp/hard\libc_nano.a(libc_a-init.o)
                0x00000000080051bc                __libc_init_array
 .text.memcpy   0x0000000008005204       0x1c D:/New folder/STM32CubeIDE_1.4.0/STM32CubeIDE/plugins/com.st.stm32cube.ide.mcu.externaltools.gnu-tools-for-stm32.11.3.rel1.win32_1.1.100.202309141235/tools/bin/../lib/gcc/arm-none-eabi/11.3.1/../../../../arm-none-eabi/lib/thumb/v7e-m+fp/hard\libc_nano.a(libc_a-memcpy-stub.o)
                0x0000000008005204                memcpy
 *(.glue_7)
 .glue_7        0x0000000008005220        0x0 linker stubs
 *(.glue_7t)
 .glue_7t       0x0000000008005220        0x0 linker stubs
 *(.eh_frame)
 .eh_frame      0x0000000008005220        0x0 D:/New folder/STM32CubeIDE_1.4.0/STM32CubeIDE/plugins/com.st.stm32cube.ide.mcu.externaltools.gnu-tools-for-stm32.11.3.rel1.win32_1.1.100.202309141235/tools/bin/../lib/gcc/arm-none-eabi/11.3.1/thumb/v7e-m+fp/hard/crtbegin.o
 *(.init)
 .init          0x0000000008005220        0x4 D:/New folder/STM32CubeIDE_1.4.0/STM32CubeIDE/plugins/com.st.stm32cube.ide.mcu.externaltools.gnu-tools-for-stm32.11.3.rel1.win32_1.1.100.202309141235/tools/bin/../lib/gcc/arm-none-eabi/11.3.1/thumb/v7e-m+fp/hard/crti.o
                0x0000000008005220                _init
 .init          0x0000000008005224        0x8 D:/New folder/STM32CubeIDE_1.4.0/STM32CubeIDE/plugins/com.st.stm32cube.ide.mcu.externaltools.gnu-tools-for-stm32.11.3.rel1.win32_1.1.100.202309141235/tools/bin/../lib/gcc/arm-none-eabi/11.3.1/thumb/v7e-m+fp/hard/crtn.o
 *(.fini)
 .fini          0x000000000800522c        0x4 D:/New folder/STM32CubeIDE_1.4.0/STM32CubeIDE/plugins/com.st.stm32cube.ide.mcu.externaltools.gnu-tools-for-stm32.11.3.rel1.win32_1.1.100.202309141235/tools/bin/../lib/gcc/arm-none-eabi/11.3.1/thumb/v7e-m+fp/hard/crti.o
                0x000000000800522c                _fini
 .fini          0x0000000008005230        0x8 D:/New folder/STM32CubeIDE_1.4.0/STM32CubeIDE/plugins/com.st.stm32cube.ide.mcu.externaltools.gnu-tools-for-stm32.11.3.rel1.win32_1.1.100.202309141235/tools/bin/../lib/gcc/arm-none-eabi/11.3.1/thumb/v7e-m+fp/hard/crtn.o
                0x0000000008005238                . = ALIGN (0x4)
                0x0000000008005238                _etext = .

.vfp11_veneer   0x0000000008005238        0x0
 .vfp11_veneer  0x0000000008005238        0x0 linker stubs

.v4_bx          0x0000000008005238        0x0
 .v4_bx         0x0000000008005238        0x0 linker stubs

.iplt           0x0000000008005238        0x0
 .iplt          0x0000000008005238        0x0 D:/New folder/STM32CubeIDE_1.4.0/STM32CubeIDE/plugins/com.st.stm32cube.ide.mcu.externaltools.gnu-tools-for-stm32.11.3.rel1.win32_1.1.100.202309141235/tools/bin/../lib/gcc/arm-none-eabi/11.3.1/thumb/v7e-m+fp/hard/crtbegin.o

.rodata         0x0000000008005238       0x7c
                0x0000000008005238                . = ALIGN (0x4)
 *(.rodata)
 .rodata        0x0000000008005238       0x59 ./Core/Src/main.o
 *fill*         0x0000000008005291        0x3 
 .rodata        0x0000000008005294        0x5 ./Middlewares/Third_Party/FreeRTOS/Source/tasks.o
 *(.rodata*)
 *fill*         0x0000000008005299        0x3 
 .rodata.AHBPrescTable
                0x000000000800529c       0x10 ./Core/Src/system_stm32f4xx.o
                0x000000000800529c                AHBPrescTable
 .rodata.APBPrescTable
                0x00000000080052ac        0x8 ./Core/Src/system_stm32f4xx.o
                0x00000000080052ac                APBPrescTable
                0x00000000080052b4                . = ALIGN (0x4)

.ARM.extab      0x00000000080052b4        0x0
                0x00000000080052b4                . = ALIGN (0x4)
 *(.ARM.extab* .gnu.linkonce.armextab.*)
                0x00000000080052b4                . = ALIGN (0x4)

.ARM            0x00000000080052b4        0x8
                0x00000000080052b4                . = ALIGN (0x4)
                0x00000000080052b4                __exidx_start = .
 *(.ARM.exidx*)
 .ARM.exidx     0x00000000080052b4        0x8 D:/New folder/STM32CubeIDE_1.4.0/STM32CubeIDE/plugins/com.st.stm32cube.ide.mcu.externaltools.gnu-tools-for-stm32.11.3.rel1.win32_1.1.100.202309141235/tools/bin/../lib/gcc/arm-none-eabi/11.3.1/thumb/v7e-m+fp/hard\libgcc.a(_udivmoddi4.o)
                0x00000000080052bc                __exidx_end = .
                0x00000000080052bc                . = ALIGN (0x4)

.rel.dyn        0x00000000080052bc        0x0
 .rel.iplt      0x00000000080052bc        0x0 D:/New folder/STM32CubeIDE_1.4.0/STM32CubeIDE/plugins/com.st.stm32cube.ide.mcu.externaltools.gnu-tools-for-stm32.11.3.rel1.win32_1.1.100.202309141235/tools/bin/../lib/gcc/arm-none-eabi/11.3.1/thumb/v7e-m+fp/hard/crtbegin.o

.preinit_array  0x00000000080052bc        0x0
                0x00000000080052bc                . = ALIGN (0x4)
                0x00000000080052bc                PROVIDE (__preinit_array_start = .)
 *(.preinit_array*)
                0x00000000080052bc                PROVIDE (__preinit_array_end = .)
                0x00000000080052bc                . = ALIGN (0x4)

.init_array     0x00000000080052bc        0x4
                0x00000000080052bc                . = ALIGN (0x4)
                0x00000000080052bc                PROVIDE (__init_array_start = .)
 *(SORT_BY_NAME(.init_array.*))
 *(.init_array*)
 .init_array    0x00000000080052bc        0x4 D:/New folder/STM32CubeIDE_1.4.0/STM32CubeIDE/plugins/com.st.stm32cube.ide.mcu.externaltools.gnu-tools-for-stm32.11.3.rel1.win32_1.1.100.202309141235/tools/bin/../lib/gcc/arm-none-eabi/11.3.1/thumb/v7e-m+fp/hard/crtbegin.o
                0x00000000080052c0                PROVIDE (__init_array_end = .)
                0x00000000080052c0                . = ALIGN (0x4)

.fini_array     0x00000000080052c0        0x4
                0x00000000080052c0                . = ALIGN (0x4)
                [!provide]                        PROVIDE (__fini_array_start = .)
 *(SORT_BY_NAME(.fini_array.*))
 *(.fini_array*)
 .fini_array    0x00000000080052c0        0x4 D:/New folder/STM32CubeIDE_1.4.0/STM32CubeIDE/plugins/com.st.stm32cube.ide.mcu.externaltools.gnu-tools-for-stm32.11.3.rel1.win32_1.1.100.202309141235/tools/bin/../lib/gcc/arm-none-eabi/11.3.1/thumb/v7e-m+fp/hard/crtbegin.o
                [!provide]                        PROVIDE (__fini_array_end = .)
                0x00000000080052c4                . = ALIGN (0x4)
                0x00000000080052c4                _sidata = LOADADDR (.data)

.data           0x0000000020000000       0x10 load address 0x00000000080052c4
                0x0000000020000000                . = ALIGN (0x4)
                0x0000000020000000                _sdata = .
 *(.data)
 *(.data*)
 .data.SystemCoreClock
                0x0000000020000000        0x4 ./Core/Src/system_stm32f4xx.o
                0x0000000020000000                SystemCoreClock
 .data.uwTickPrio
                0x0000000020000004        0x4 ./Drivers/STM32F4xx_HAL_Driver/Src/stm32f4xx_hal.o
                0x0000000020000004                uwTickPrio
 .data.uwTickFreq
                0x0000000020000008        0x1 ./Drivers/STM32F4xx_HAL_Driver/Src/stm32f4xx_hal.o
                0x0000000020000008                uwTickFreq
 *fill*         0x0000000020000009        0x3 
 .data.uxCriticalNesting
                0x000000002000000c        0x4 ./Middlewares/Third_Party/FreeRTOS/Source/portable/GCC/ARM_CM4F/port.o
 *(.RamFunc)
 *(.RamFunc*)
                0x0000000020000010                . = ALIGN (0x4)
                0x0000000020000010                _edata = .

.igot.plt       0x0000000020000010        0x0 load address 0x00000000080052d4
 .igot.plt      0x0000000020000010        0x0 D:/New folder/STM32CubeIDE_1.4.0/STM32CubeIDE/plugins/com.st.stm32cube.ide.mcu.externaltools.gnu-tools-for-stm32.11.3.rel1.win32_1.1.100.202309141235/tools/bin/../lib/gcc/arm-none-eabi/11.3.1/thumb/v7e-m+fp/hard/crtbegin.o
                0x0000000020000010                . = ALIGN (0x4)

.bss            0x0000000020000010     0x4058 load address 0x00000000080052d4
                0x0000000020000010                _sbss = .
                0x0000000020000010                __bss_start__ = _sbss
 *(.bss)
 .bss           0x0000000020000010       0x1c D:/New folder/STM32CubeIDE_1.4.0/STM32CubeIDE/plugins/com.st.stm32cube.ide.mcu.externaltools.gnu-tools-for-stm32.11.3.rel1.win32_1.1.100.202309141235/tools/bin/../lib/gcc/arm-none-eabi/11.3.1/thumb/v7e-m+fp/hard/crtbegin.o
 *(.bss*)
 .bss.xIdleTaskTCBBuffer
                0x000000002000002c       0x54 ./Core/Src/freertos.o
 .bss.xIdleStack
                0x0000000020000080      0x200 ./Core/Src/freertos.o
 .bss.huart2    0x0000000020000280       0x48 ./Core/Src/main.o
                0x0000000020000280                huart2
 .bss.jamDetected
                0x00000000200002c8        0x4 ./Core/Src/main.o
 .bss.windowLock
                0x00000000200002cc        0x4 ./Core/Src/main.o
 .bss.upperLimitReached
                0x00000000200002d0        0x1 ./Core/Src/main.o
 .bss.lowerLimitReached
                0x00000000200002d1        0x1 ./Core/Src/main.o
 .bss.isPassenger
                0x00000000200002d2        0x1 ./Core/Src/main.o
 *fill*         0x00000000200002d3        0x1 
 .bss.xdrivUpAutoHandle
                0x00000000200002d4        0x4 ./Core/Src/main.o
                0x00000000200002d4                xdrivUpAutoHandle
 .bss.xdrivUpManuHandle
                0x00000000200002d8        0x4 ./Core/Src/main.o
                0x00000000200002d8                xdrivUpManuHandle
 .bss.xdrivDownAutoHandle
                0x00000000200002dc        0x4 ./Core/Src/main.o
                0x00000000200002dc                xdrivDownAutoHandle
 .bss.xdrivDownManuHandle
                0x00000000200002e0        0x4 ./Core/Src/main.o
                0x00000000200002e0                xdrivDownManuHandle
 .bss.xpassUpAutoHandle
                0x00000000200002e4        0x4 ./Core/Src/main.o
                0x00000000200002e4                xpassUpAutoHandle
 .bss.xpassUpManuHandle
                0x00000000200002e8        0x4 ./Core/Src/main.o
                0x00000000200002e8                xpassUpManuHandle
 .bss.xpassDownAutoHandle
                0x00000000200002ec        0x4 ./Core/Src/main.o
                0x00000000200002ec                xpassDownAutoHandle
 .bss.xpassDownManuHandle
                0x00000000200002f0        0x4 ./Core/Src/main.o
                0x00000000200002f0                xpassDownManuHandle
 .bss.xupperLimitReachedSemaphore
                0x00000000200002f4        0x4 ./Core/Src/main.o
                0x00000000200002f4                xupperLimitReachedSemaphore
 .bss.xlowerLimitReachedSemaphore
                0x00000000200002f8        0x4 ./Core/Src/main.o
                0x00000000200002f8                xlowerLimitReachedSemaphore
 .bss.xwindowLockSemaphore
                0x00000000200002fc        0x4 ./Core/Src/main.o
                0x00000000200002fc                xwindowLockSemaphore
 .bss.xjamDetectedSemaphore
                0x0000000020000300        0x4 ./Core/Src/main.o
                0x0000000020000300                xjamDetectedSemaphore
 .bss.xDriverUpButtonMutex
                0x0000000020000304        0x4 ./Core/Src/main.o
                0x0000000020000304                xDriverUpButtonMutex
 .bss.xDriverDownButtonMutex
                0x0000000020000308        0x4 ./Core/Src/main.o
                0x0000000020000308                xDriverDownButtonMutex
 .bss.xQueue    0x000000002000030c        0x4 ./Core/Src/main.o
                0x000000002000030c                xQueue
 .bss.uwTick    0x0000000020000310        0x4 ./Drivers/STM32F4xx_HAL_Driver/Src/stm32f4xx_hal.o
                0x0000000020000310                uwTick
 .bss.pxCurrentTCB
                0x0000000020000314        0x4 ./Middlewares/Third_Party/FreeRTOS/Source/tasks.o
                0x0000000020000314                pxCurrentTCB
 .bss.pxReadyTasksLists
                0x0000000020000318       0x8c ./Middlewares/Third_Party/FreeRTOS/Source/tasks.o
 .bss.xDelayedTaskList1
                0x00000000200003a4       0x14 ./Middlewares/Third_Party/FreeRTOS/Source/tasks.o
 .bss.xDelayedTaskList2
                0x00000000200003b8       0x14 ./Middlewares/Third_Party/FreeRTOS/Source/tasks.o
 .bss.pxDelayedTaskList
                0x00000000200003cc        0x4 ./Middlewares/Third_Party/FreeRTOS/Source/tasks.o
 .bss.pxOverflowDelayedTaskList
                0x00000000200003d0        0x4 ./Middlewares/Third_Party/FreeRTOS/Source/tasks.o
 .bss.xPendingReadyList
                0x00000000200003d4       0x14 ./Middlewares/Third_Party/FreeRTOS/Source/tasks.o
 .bss.xTasksWaitingTermination
                0x00000000200003e8       0x14 ./Middlewares/Third_Party/FreeRTOS/Source/tasks.o
 .bss.uxDeletedTasksWaitingCleanUp
                0x00000000200003fc        0x4 ./Middlewares/Third_Party/FreeRTOS/Source/tasks.o
 .bss.xSuspendedTaskList
                0x0000000020000400       0x14 ./Middlewares/Third_Party/FreeRTOS/Source/tasks.o
 .bss.uxCurrentNumberOfTasks
                0x0000000020000414        0x4 ./Middlewares/Third_Party/FreeRTOS/Source/tasks.o
 .bss.xTickCount
                0x0000000020000418        0x4 ./Middlewares/Third_Party/FreeRTOS/Source/tasks.o
 .bss.uxTopReadyPriority
                0x000000002000041c        0x4 ./Middlewares/Third_Party/FreeRTOS/Source/tasks.o
 .bss.xSchedulerRunning
                0x0000000020000420        0x4 ./Middlewares/Third_Party/FreeRTOS/Source/tasks.o
 .bss.xPendedTicks
                0x0000000020000424        0x4 ./Middlewares/Third_Party/FreeRTOS/Source/tasks.o
 .bss.xYieldPending
                0x0000000020000428        0x4 ./Middlewares/Third_Party/FreeRTOS/Source/tasks.o
 .bss.xNumOfOverflows
                0x000000002000042c        0x4 ./Middlewares/Third_Party/FreeRTOS/Source/tasks.o
 .bss.uxTaskNumber
                0x0000000020000430        0x4 ./Middlewares/Third_Party/FreeRTOS/Source/tasks.o
 .bss.xNextTaskUnblockTime
                0x0000000020000434        0x4 ./Middlewares/Third_Party/FreeRTOS/Source/tasks.o
 .bss.xIdleTaskHandle
                0x0000000020000438        0x4 ./Middlewares/Third_Party/FreeRTOS/Source/tasks.o
 .bss.uxSchedulerSuspended
                0x000000002000043c        0x4 ./Middlewares/Third_Party/FreeRTOS/Source/tasks.o
 .bss.ucMaxSysCallPriority
                0x0000000020000440        0x1 ./Middlewares/Third_Party/FreeRTOS/Source/portable/GCC/ARM_CM4F/port.o
 *fill*         0x0000000020000441        0x3 
 .bss.ulMaxPRIGROUPValue
                0x0000000020000444        0x4 ./Middlewares/Third_Party/FreeRTOS/Source/portable/GCC/ARM_CM4F/port.o
 .bss.ucHeap    0x0000000020000448     0x3c00 ./Middlewares/Third_Party/FreeRTOS/Source/portable/MemMang/heap_4.o
 .bss.xStart    0x0000000020004048        0x8 ./Middlewares/Third_Party/FreeRTOS/Source/portable/MemMang/heap_4.o
 .bss.pxEnd     0x0000000020004050        0x4 ./Middlewares/Third_Party/FreeRTOS/Source/portable/MemMang/heap_4.o
 .bss.xFreeBytesRemaining
                0x0000000020004054        0x4 ./Middlewares/Third_Party/FreeRTOS/Source/portable/MemMang/heap_4.o
 .bss.xMinimumEverFreeBytesRemaining
                0x0000000020004058        0x4 ./Middlewares/Third_Party/FreeRTOS/Source/portable/MemMang/heap_4.o
 .bss.xNumberOfSuccessfulAllocations
                0x000000002000405c        0x4 ./Middlewares/Third_Party/FreeRTOS/Source/portable/MemMang/heap_4.o
 .bss.xNumberOfSuccessfulFrees
                0x0000000020004060        0x4 ./Middlewares/Third_Party/FreeRTOS/Source/portable/MemMang/heap_4.o
 .bss.xBlockAllocatedBit
                0x0000000020004064        0x4 ./Middlewares/Third_Party/FreeRTOS/Source/portable/MemMang/heap_4.o
 *(COMMON)
                0x0000000020004068                . = ALIGN (0x4)
                0x0000000020004068                _ebss = .
                0x0000000020004068                __bss_end__ = _ebss

._user_heap_stack
                0x0000000020004068      0x600 load address 0x00000000080052d4
                0x0000000020004068                . = ALIGN (0x8)
                [!provide]                        PROVIDE (end = .)
                0x0000000020004068                PROVIDE (_end = .)
                0x0000000020004268                . = (. + _Min_Heap_Size)
 *fill*         0x0000000020004068      0x200 
                0x0000000020004668                . = (. + _Min_Stack_Size)
 *fill*         0x0000000020004268      0x400 
                0x0000000020004668                . = ALIGN (0x8)

/DISCARD/
 libc.a(*)
 libm.a(*)
 libgcc.a(*)

.ARM.attributes
                0x0000000000000000       0x30
 *(.ARM.attributes)
 .ARM.attributes
                0x0000000000000000       0x1e D:/New folder/STM32CubeIDE_1.4.0/STM32CubeIDE/plugins/com.st.stm32cube.ide.mcu.externaltools.gnu-tools-for-stm32.11.3.rel1.win32_1.1.100.202309141235/tools/bin/../lib/gcc/arm-none-eabi/11.3.1/thumb/v7e-m+fp/hard/crti.o
 .ARM.attributes
                0x000000000000001e       0x34 D:/New folder/STM32CubeIDE_1.4.0/STM32CubeIDE/plugins/com.st.stm32cube.ide.mcu.externaltools.gnu-tools-for-stm32.11.3.rel1.win32_1.1.100.202309141235/tools/bin/../lib/gcc/arm-none-eabi/11.3.1/thumb/v7e-m+fp/hard/crtbegin.o
 .ARM.attributes
                0x0000000000000052       0x34 ./Core/Src/freertos.o
 .ARM.attributes
                0x0000000000000086       0x34 ./Core/Src/main.o
 .ARM.attributes
                0x00000000000000ba       0x34 ./Core/Src/stm32f4xx_hal_msp.o
 .ARM.attributes
                0x00000000000000ee       0x34 ./Core/Src/stm32f4xx_it.o
 .ARM.attributes
                0x0000000000000122       0x34 ./Core/Src/system_stm32f4xx.o
 .ARM.attributes
                0x0000000000000156       0x21 ./Core/Startup/startup_stm32f446retx.o
 .ARM.attributes
                0x0000000000000177       0x34 ./Drivers/STM32F4xx_HAL_Driver/Src/stm32f4xx_hal.o
 .ARM.attributes
                0x00000000000001ab       0x34 ./Drivers/STM32F4xx_HAL_Driver/Src/stm32f4xx_hal_cortex.o
 .ARM.attributes
                0x00000000000001df       0x34 ./Drivers/STM32F4xx_HAL_Driver/Src/stm32f4xx_hal_gpio.o
 .ARM.attributes
                0x0000000000000213       0x34 ./Drivers/STM32F4xx_HAL_Driver/Src/stm32f4xx_hal_rcc.o
 .ARM.attributes
                0x0000000000000247       0x34 ./Drivers/STM32F4xx_HAL_Driver/Src/stm32f4xx_hal_rcc_ex.o
 .ARM.attributes
                0x000000000000027b       0x34 ./Drivers/STM32F4xx_HAL_Driver/Src/stm32f4xx_hal_uart.o
 .ARM.attributes
                0x00000000000002af       0x34 ./Middlewares/Third_Party/FreeRTOS/Source/list.o
 .ARM.attributes
                0x00000000000002e3       0x34 ./Middlewares/Third_Party/FreeRTOS/Source/queue.o
 .ARM.attributes
                0x0000000000000317       0x34 ./Middlewares/Third_Party/FreeRTOS/Source/tasks.o
 .ARM.attributes
                0x000000000000034b       0x34 ./Middlewares/Third_Party/FreeRTOS/Source/portable/GCC/ARM_CM4F/port.o
 .ARM.attributes
                0x000000000000037f       0x34 ./Middlewares/Third_Party/FreeRTOS/Source/portable/MemMang/heap_4.o
 .ARM.attributes
                0x00000000000003b3       0x34 D:/New folder/STM32CubeIDE_1.4.0/STM32CubeIDE/plugins/com.st.stm32cube.ide.mcu.externaltools.gnu-tools-for-stm32.11.3.rel1.win32_1.1.100.202309141235/tools/bin/../lib/gcc/arm-none-eabi/11.3.1/../../../../arm-none-eabi/lib/thumb/v7e-m+fp/hard\libc_nano.a(libc_a-memset.o)
 .ARM.attributes
                0x00000000000003e7       0x34 D:/New folder/STM32CubeIDE_1.4.0/STM32CubeIDE/plugins/com.st.stm32cube.ide.mcu.externaltools.gnu-tools-for-stm32.11.3.rel1.win32_1.1.100.202309141235/tools/bin/../lib/gcc/arm-none-eabi/11.3.1/../../../../arm-none-eabi/lib/thumb/v7e-m+fp/hard\libc_nano.a(libc_a-init.o)
 .ARM.attributes
                0x000000000000041b       0x34 D:/New folder/STM32CubeIDE_1.4.0/STM32CubeIDE/plugins/com.st.stm32cube.ide.mcu.externaltools.gnu-tools-for-stm32.11.3.rel1.win32_1.1.100.202309141235/tools/bin/../lib/gcc/arm-none-eabi/11.3.1/../../../../arm-none-eabi/lib/thumb/v7e-m+fp/hard\libc_nano.a(libc_a-memcpy-stub.o)
 .ARM.attributes
                0x000000000000044f       0x1e D:/New folder/STM32CubeIDE_1.4.0/STM32CubeIDE/plugins/com.st.stm32cube.ide.mcu.externaltools.gnu-tools-for-stm32.11.3.rel1.win32_1.1.100.202309141235/tools/bin/../lib/gcc/arm-none-eabi/11.3.1/thumb/v7e-m+fp/hard\libgcc.a(_aeabi_uldivmod.o)
 .ARM.attributes
                0x000000000000046d       0x34 D:/New folder/STM32CubeIDE_1.4.0/STM32CubeIDE/plugins/com.st.stm32cube.ide.mcu.externaltools.gnu-tools-for-stm32.11.3.rel1.win32_1.1.100.202309141235/tools/bin/../lib/gcc/arm-none-eabi/11.3.1/thumb/v7e-m+fp/hard\libgcc.a(_udivmoddi4.o)
 .ARM.attributes
                0x00000000000004a1       0x1e D:/New folder/STM32CubeIDE_1.4.0/STM32CubeIDE/plugins/com.st.stm32cube.ide.mcu.externaltools.gnu-tools-for-stm32.11.3.rel1.win32_1.1.100.202309141235/tools/bin/../lib/gcc/arm-none-eabi/11.3.1/thumb/v7e-m+fp/hard\libgcc.a(_dvmd_tls.o)
 .ARM.attributes
                0x00000000000004bf       0x1e D:/New folder/STM32CubeIDE_1.4.0/STM32CubeIDE/plugins/com.st.stm32cube.ide.mcu.externaltools.gnu-tools-for-stm32.11.3.rel1.win32_1.1.100.202309141235/tools/bin/../lib/gcc/arm-none-eabi/11.3.1/thumb/v7e-m+fp/hard/crtn.o
OUTPUT(RTOS_Project.elf elf32-littlearm)
LOAD linker stubs
LOAD D:/New folder/STM32CubeIDE_1.4.0/STM32CubeIDE/plugins/com.st.stm32cube.ide.mcu.externaltools.gnu-tools-for-stm32.11.3.rel1.win32_1.1.100.202309141235/tools/bin/../lib/gcc/arm-none-eabi/11.3.1/../../../../arm-none-eabi/lib/thumb/v7e-m+fp/hard\libc.a
LOAD D:/New folder/STM32CubeIDE_1.4.0/STM32CubeIDE/plugins/com.st.stm32cube.ide.mcu.externaltools.gnu-tools-for-stm32.11.3.rel1.win32_1.1.100.202309141235/tools/bin/../lib/gcc/arm-none-eabi/11.3.1/../../../../arm-none-eabi/lib/thumb/v7e-m+fp/hard\libm.a
LOAD D:/New folder/STM32CubeIDE_1.4.0/STM32CubeIDE/plugins/com.st.stm32cube.ide.mcu.externaltools.gnu-tools-for-stm32.11.3.rel1.win32_1.1.100.202309141235/tools/bin/../lib/gcc/arm-none-eabi/11.3.1/thumb/v7e-m+fp/hard\libgcc.a

.comment        0x0000000000000000       0x43
 .comment       0x0000000000000000       0x43 D:/New folder/STM32CubeIDE_1.4.0/STM32CubeIDE/plugins/com.st.stm32cube.ide.mcu.externaltools.gnu-tools-for-stm32.11.3.rel1.win32_1.1.100.202309141235/tools/bin/../lib/gcc/arm-none-eabi/11.3.1/thumb/v7e-m+fp/hard/crtbegin.o
                                         0x44 (size before relaxing)
 .comment       0x0000000000000043       0x44 ./Core/Src/freertos.o
 .comment       0x0000000000000043       0x44 ./Core/Src/main.o
 .comment       0x0000000000000043       0x44 ./Core/Src/stm32f4xx_hal_msp.o
 .comment       0x0000000000000043       0x44 ./Core/Src/stm32f4xx_it.o
 .comment       0x0000000000000043       0x44 ./Core/Src/system_stm32f4xx.o
 .comment       0x0000000000000043       0x44 ./Drivers/STM32F4xx_HAL_Driver/Src/stm32f4xx_hal.o
 .comment       0x0000000000000043       0x44 ./Drivers/STM32F4xx_HAL_Driver/Src/stm32f4xx_hal_cortex.o
 .comment       0x0000000000000043       0x44 ./Drivers/STM32F4xx_HAL_Driver/Src/stm32f4xx_hal_gpio.o
 .comment       0x0000000000000043       0x44 ./Drivers/STM32F4xx_HAL_Driver/Src/stm32f4xx_hal_rcc.o
 .comment       0x0000000000000043       0x44 ./Drivers/STM32F4xx_HAL_Driver/Src/stm32f4xx_hal_rcc_ex.o
 .comment       0x0000000000000043       0x44 ./Drivers/STM32F4xx_HAL_Driver/Src/stm32f4xx_hal_uart.o
 .comment       0x0000000000000043       0x44 ./Middlewares/Third_Party/FreeRTOS/Source/list.o
 .comment       0x0000000000000043       0x44 ./Middlewares/Third_Party/FreeRTOS/Source/queue.o
 .comment       0x0000000000000043       0x44 ./Middlewares/Third_Party/FreeRTOS/Source/tasks.o
 .comment       0x0000000000000043       0x44 ./Middlewares/Third_Party/FreeRTOS/Source/portable/GCC/ARM_CM4F/port.o
 .comment       0x0000000000000043       0x44 ./Middlewares/Third_Party/FreeRTOS/Source/portable/MemMang/heap_4.o

.debug_info     0x0000000000000000     0xce3e
 .debug_info    0x0000000000000000      0x279 ./Core/Src/freertos.o
 .debug_info    0x0000000000000279     0x1689 ./Core/Src/main.o
 .debug_info    0x0000000000001902      0xb8d ./Core/Src/stm32f4xx_hal_msp.o
 .debug_info    0x000000000000248f      0x2ee ./Core/Src/stm32f4xx_it.o
 .debug_info    0x000000000000277d      0x54a ./Core/Src/system_stm32f4xx.o
 .debug_info    0x0000000000002cc7       0x23 ./Core/Startup/startup_stm32f446retx.o
 .debug_info    0x0000000000002cea      0x99a ./Drivers/STM32F4xx_HAL_Driver/Src/stm32f4xx_hal.o
 .debug_info    0x0000000000003684      0xd75 ./Drivers/STM32F4xx_HAL_Driver/Src/stm32f4xx_hal_cortex.o
 .debug_info    0x00000000000043f9      0x70b ./Drivers/STM32F4xx_HAL_Driver/Src/stm32f4xx_hal_gpio.o
 .debug_info    0x0000000000004b04      0x8ed ./Drivers/STM32F4xx_HAL_Driver/Src/stm32f4xx_hal_rcc.o
 .debug_info    0x00000000000053f1      0x956 ./Drivers/STM32F4xx_HAL_Driver/Src/stm32f4xx_hal_rcc_ex.o
 .debug_info    0x0000000000005d47     0x2f4f ./Drivers/STM32F4xx_HAL_Driver/Src/stm32f4xx_hal_uart.o
 .debug_info    0x0000000000008c96      0x2af ./Middlewares/Third_Party/FreeRTOS/Source/list.o
 .debug_info    0x0000000000008f45     0x17cd ./Middlewares/Third_Party/FreeRTOS/Source/queue.o
 .debug_info    0x000000000000a712     0x1d79 ./Middlewares/Third_Party/FreeRTOS/Source/tasks.o
 .debug_info    0x000000000000c48b      0x4de ./Middlewares/Third_Party/FreeRTOS/Source/portable/GCC/ARM_CM4F/port.o
 .debug_info    0x000000000000c969      0x4d5 ./Middlewares/Third_Party/FreeRTOS/Source/portable/MemMang/heap_4.o

.debug_abbrev   0x0000000000000000     0x2442
 .debug_abbrev  0x0000000000000000       0xd2 ./Core/Src/freertos.o
 .debug_abbrev  0x00000000000000d2      0x374 ./Core/Src/main.o
 .debug_abbrev  0x0000000000000446      0x1ca ./Core/Src/stm32f4xx_hal_msp.o
 .debug_abbrev  0x0000000000000610      0x1ac ./Core/Src/stm32f4xx_it.o
 .debug_abbrev  0x00000000000007bc      0x11a ./Core/Src/system_stm32f4xx.o
 .debug_abbrev  0x00000000000008d6       0x12 ./Core/Startup/startup_stm32f446retx.o
 .debug_abbrev  0x00000000000008e8      0x214 ./Drivers/STM32F4xx_HAL_Driver/Src/stm32f4xx_hal.o
 .debug_abbrev  0x0000000000000afc      0x328 ./Drivers/STM32F4xx_HAL_Driver/Src/stm32f4xx_hal_cortex.o
 .debug_abbrev  0x0000000000000e24      0x1d4 ./Drivers/STM32F4xx_HAL_Driver/Src/stm32f4xx_hal_gpio.o
 .debug_abbrev  0x0000000000000ff8      0x2b6 ./Drivers/STM32F4xx_HAL_Driver/Src/stm32f4xx_hal_rcc.o
 .debug_abbrev  0x00000000000012ae      0x20a ./Drivers/STM32F4xx_HAL_Driver/Src/stm32f4xx_hal_rcc_ex.o
 .debug_abbrev  0x00000000000014b8      0x30e ./Drivers/STM32F4xx_HAL_Driver/Src/stm32f4xx_hal_uart.o
 .debug_abbrev  0x00000000000017c6       0xf5 ./Middlewares/Third_Party/FreeRTOS/Source/list.o
 .debug_abbrev  0x00000000000018bb      0x3b5 ./Middlewares/Third_Party/FreeRTOS/Source/queue.o
 .debug_abbrev  0x0000000000001c70      0x359 ./Middlewares/Third_Party/FreeRTOS/Source/tasks.o
 .debug_abbrev  0x0000000000001fc9      0x25c ./Middlewares/Third_Party/FreeRTOS/Source/portable/GCC/ARM_CM4F/port.o
 .debug_abbrev  0x0000000000002225      0x21d ./Middlewares/Third_Party/FreeRTOS/Source/portable/MemMang/heap_4.o

.debug_aranges  0x0000000000000000      0xb38
 .debug_aranges
                0x0000000000000000       0x20 ./Core/Src/freertos.o
 .debug_aranges
                0x0000000000000020       0xe0 ./Core/Src/main.o
 .debug_aranges
                0x0000000000000100       0x30 ./Core/Src/stm32f4xx_hal_msp.o
 .debug_aranges
                0x0000000000000130       0x68 ./Core/Src/stm32f4xx_it.o
 .debug_aranges
                0x0000000000000198       0x28 ./Core/Src/system_stm32f4xx.o
 .debug_aranges
                0x00000000000001c0       0x28 ./Core/Startup/startup_stm32f446retx.o
 .debug_aranges
                0x00000000000001e8       0xf0 ./Drivers/STM32F4xx_HAL_Driver/Src/stm32f4xx_hal.o
 .debug_aranges
                0x00000000000002d8      0x120 ./Drivers/STM32F4xx_HAL_Driver/Src/stm32f4xx_hal_cortex.o
 .debug_aranges
                0x00000000000003f8       0x58 ./Drivers/STM32F4xx_HAL_Driver/Src/stm32f4xx_hal_gpio.o
 .debug_aranges
                0x0000000000000450       0x88 ./Drivers/STM32F4xx_HAL_Driver/Src/stm32f4xx_hal_rcc.o
 .debug_aranges
                0x00000000000004d8       0x78 ./Drivers/STM32F4xx_HAL_Driver/Src/stm32f4xx_hal_rcc_ex.o
 .debug_aranges
                0x0000000000000550      0x208 ./Drivers/STM32F4xx_HAL_Driver/Src/stm32f4xx_hal_uart.o
 .debug_aranges
                0x0000000000000758       0x40 ./Middlewares/Third_Party/FreeRTOS/Source/list.o
 .debug_aranges
                0x0000000000000798      0x108 ./Middlewares/Third_Party/FreeRTOS/Source/queue.o
 .debug_aranges
                0x00000000000008a0      0x1c0 ./Middlewares/Third_Party/FreeRTOS/Source/tasks.o
 .debug_aranges
                0x0000000000000a60       0x80 ./Middlewares/Third_Party/FreeRTOS/Source/portable/GCC/ARM_CM4F/port.o
 .debug_aranges
                0x0000000000000ae0       0x58 ./Middlewares/Third_Party/FreeRTOS/Source/portable/MemMang/heap_4.o

.debug_rnglists
                0x0000000000000000      0x89a
 .debug_rnglists
                0x0000000000000000       0x13 ./Core/Src/freertos.o
 .debug_rnglists
                0x0000000000000013       0xab ./Core/Src/main.o
 .debug_rnglists
                0x00000000000000be       0x20 ./Core/Src/stm32f4xx_hal_msp.o
 .debug_rnglists
                0x00000000000000de       0x4a ./Core/Src/stm32f4xx_it.o
 .debug_rnglists
                0x0000000000000128       0x1a ./Core/Src/system_stm32f4xx.o
 .debug_rnglists
                0x0000000000000142       0x19 ./Core/Startup/startup_stm32f446retx.o
 .debug_rnglists
                0x000000000000015b       0xaf ./Drivers/STM32F4xx_HAL_Driver/Src/stm32f4xx_hal.o
 .debug_rnglists
                0x000000000000020a       0xd4 ./Drivers/STM32F4xx_HAL_Driver/Src/stm32f4xx_hal_cortex.o
 .debug_rnglists
                0x00000000000002de       0x3f ./Drivers/STM32F4xx_HAL_Driver/Src/stm32f4xx_hal_gpio.o
 .debug_rnglists
                0x000000000000031d       0x66 ./Drivers/STM32F4xx_HAL_Driver/Src/stm32f4xx_hal_rcc.o
 .debug_rnglists
                0x0000000000000383       0x5e ./Drivers/STM32F4xx_HAL_Driver/Src/stm32f4xx_hal_rcc_ex.o
 .debug_rnglists
                0x00000000000003e1      0x1bc ./Drivers/STM32F4xx_HAL_Driver/Src/stm32f4xx_hal_uart.o
 .debug_rnglists
                0x000000000000059d       0x2b ./Middlewares/Third_Party/FreeRTOS/Source/list.o
 .debug_rnglists
                0x00000000000005c8       0xcd ./Middlewares/Third_Party/FreeRTOS/Source/queue.o
 .debug_rnglists
                0x0000000000000695      0x166 ./Middlewares/Third_Party/FreeRTOS/Source/tasks.o
 .debug_rnglists
                0x00000000000007fb       0x5d ./Middlewares/Third_Party/FreeRTOS/Source/portable/GCC/ARM_CM4F/port.o
 .debug_rnglists
                0x0000000000000858       0x42 ./Middlewares/Third_Party/FreeRTOS/Source/portable/MemMang/heap_4.o

.debug_macro    0x0000000000000000    0x21c08
 .debug_macro   0x0000000000000000      0x269 ./Core/Src/freertos.o
 .debug_macro   0x0000000000000269      0xaa8 ./Core/Src/freertos.o
 .debug_macro   0x0000000000000d11      0x174 ./Core/Src/freertos.o
 .debug_macro   0x0000000000000e85       0x22 ./Core/Src/freertos.o
 .debug_macro   0x0000000000000ea7       0x8e ./Core/Src/freertos.o
 .debug_macro   0x0000000000000f35       0x51 ./Core/Src/freertos.o
 .debug_macro   0x0000000000000f86      0x103 ./Core/Src/freertos.o
 .debug_macro   0x0000000000001089       0x6a ./Core/Src/freertos.o
 .debug_macro   0x00000000000010f3      0x1df ./Core/Src/freertos.o
 .debug_macro   0x00000000000012d2       0xe4 ./Core/Src/freertos.o
 .debug_macro   0x00000000000013b6      0x15a ./Core/Src/freertos.o
 .debug_macro   0x0000000000001510       0xde ./Core/Src/freertos.o
 .debug_macro   0x00000000000015ee       0x1c ./Core/Src/freertos.o
 .debug_macro   0x000000000000160a       0x26 ./Core/Src/freertos.o
 .debug_macro   0x0000000000001630      0x504 ./Core/Src/freertos.o
 .debug_macro   0x0000000000001b34       0xb5 ./Core/Src/freertos.o
 .debug_macro   0x0000000000001be9       0xaa ./Core/Src/freertos.o
 .debug_macro   0x0000000000001c93      0x295 ./Core/Src/freertos.o
 .debug_macro   0x0000000000001f28       0x2e ./Core/Src/freertos.o
 .debug_macro   0x0000000000001f56       0x28 ./Core/Src/freertos.o
 .debug_macro   0x0000000000001f7e       0x1c ./Core/Src/freertos.o
 .debug_macro   0x0000000000001f9a       0x22 ./Core/Src/freertos.o
 .debug_macro   0x0000000000001fbc       0xfb ./Core/Src/freertos.o
 .debug_macro   0x00000000000020b7     0x1011 ./Core/Src/freertos.o
 .debug_macro   0x00000000000030c8      0x11f ./Core/Src/freertos.o
 .debug_macro   0x00000000000031e7    0x16749 ./Core/Src/freertos.o
 .debug_macro   0x0000000000019930       0x6d ./Core/Src/freertos.o
 .debug_macro   0x000000000001999d     0x368c ./Core/Src/freertos.o
 .debug_macro   0x000000000001d029       0x5c ./Core/Src/freertos.o
 .debug_macro   0x000000000001d085      0xca5 ./Core/Src/freertos.o
 .debug_macro   0x000000000001dd2a      0x9e9 ./Core/Src/freertos.o
 .debug_macro   0x000000000001e713      0x115 ./Core/Src/freertos.o
 .debug_macro   0x000000000001e828      0x1a0 ./Core/Src/freertos.o
 .debug_macro   0x000000000001e9c8       0xa5 ./Core/Src/freertos.o
 .debug_macro   0x000000000001ea6d      0x16d ./Core/Src/freertos.o
 .debug_macro   0x000000000001ebda      0x287 ./Core/Src/freertos.o
 .debug_macro   0x000000000001ee61       0x5f ./Core/Src/freertos.o
 .debug_macro   0x000000000001eec0      0x236 ./Core/Src/freertos.o
 .debug_macro   0x000000000001f0f6      0x132 ./Core/Src/freertos.o
 .debug_macro   0x000000000001f228      0x29c ./Core/Src/freertos.o
 .debug_macro   0x000000000001f4c4       0x2e ./Core/Src/freertos.o
 .debug_macro   0x000000000001f4f2      0x127 ./Core/Src/freertos.o
 .debug_macro   0x000000000001f619       0xe8 ./Core/Src/freertos.o
 .debug_macro   0x000000000001f701       0x89 ./Core/Src/freertos.o
 .debug_macro   0x000000000001f78a      0x2aa ./Core/Src/freertos.o
 .debug_macro   0x000000000001fa34      0x126 ./Core/Src/freertos.o
 .debug_macro   0x000000000001fb5a       0x22 ./Core/Src/freertos.o
 .debug_macro   0x000000000001fb7c       0x87 ./Core/Src/freertos.o
 .debug_macro   0x000000000001fc03       0x7e ./Core/Src/freertos.o
 .debug_macro   0x000000000001fc81       0x97 ./Core/Src/freertos.o
 .debug_macro   0x000000000001fd18       0xa6 ./Core/Src/freertos.o
 .debug_macro   0x000000000001fdbe      0x269 ./Core/Src/main.o
 .debug_macro   0x0000000000020027       0xe4 ./Core/Src/main.o
 .debug_macro   0x000000000002010b      0x269 ./Core/Src/stm32f4xx_hal_msp.o
 .debug_macro   0x0000000000020374      0x273 ./Core/Src/stm32f4xx_it.o
 .debug_macro   0x00000000000205e7      0x1ba ./Core/Src/system_stm32f4xx.o
 .debug_macro   0x00000000000207a1      0x21a ./Drivers/STM32F4xx_HAL_Driver/Src/stm32f4xx_hal.o
 .debug_macro   0x00000000000209bb      0x1ba ./Drivers/STM32F4xx_HAL_Driver/Src/stm32f4xx_hal_cortex.o
 .debug_macro   0x0000000000020b75      0x1c0 ./Drivers/STM32F4xx_HAL_Driver/Src/stm32f4xx_hal_gpio.o
 .debug_macro   0x0000000000020d35      0x1de ./Drivers/STM32F4xx_HAL_Driver/Src/stm32f4xx_hal_rcc.o
 .debug_macro   0x0000000000020f13      0x1ba ./Drivers/STM32F4xx_HAL_Driver/Src/stm32f4xx_hal_rcc_ex.o
 .debug_macro   0x00000000000210cd      0x1bb ./Drivers/STM32F4xx_HAL_Driver/Src/stm32f4xx_hal_uart.o
 .debug_macro   0x0000000000021288      0x187 ./Middlewares/Third_Party/FreeRTOS/Source/list.o
 .debug_macro   0x000000000002140f      0x216 ./Middlewares/Third_Party/FreeRTOS/Source/queue.o
 .debug_macro   0x0000000000021625       0x16 ./Middlewares/Third_Party/FreeRTOS/Source/queue.o
 .debug_macro   0x000000000002163b      0x279 ./Middlewares/Third_Party/FreeRTOS/Source/tasks.o
 .debug_macro   0x00000000000218b4       0x10 ./Middlewares/Third_Party/FreeRTOS/Source/tasks.o
 .debug_macro   0x00000000000218c4      0x196 ./Middlewares/Third_Party/FreeRTOS/Source/portable/GCC/ARM_CM4F/port.o
 .debug_macro   0x0000000000021a5a      0x1ae ./Middlewares/Third_Party/FreeRTOS/Source/portable/MemMang/heap_4.o

.debug_line     0x0000000000000000     0xe7f9
 .debug_line    0x0000000000000000      0x838 ./Core/Src/freertos.o
 .debug_line    0x0000000000000838      0xd33 ./Core/Src/main.o
 .debug_line    0x000000000000156b      0x88b ./Core/Src/stm32f4xx_hal_msp.o
 .debug_line    0x0000000000001df6      0x982 ./Core/Src/stm32f4xx_it.o
 .debug_line    0x0000000000002778      0x78b ./Core/Src/system_stm32f4xx.o
 .debug_line    0x0000000000002f03       0x7a ./Core/Startup/startup_stm32f446retx.o
 .debug_line    0x0000000000002f7d      0x9f1 ./Drivers/STM32F4xx_HAL_Driver/Src/stm32f4xx_hal.o
 .debug_line    0x000000000000396e      0xcbd ./Drivers/STM32F4xx_HAL_Driver/Src/stm32f4xx_hal_cortex.o
 .debug_line    0x000000000000462b      0xb51 ./Drivers/STM32F4xx_HAL_Driver/Src/stm32f4xx_hal_gpio.o
 .debug_line    0x000000000000517c      0xd76 ./Drivers/STM32F4xx_HAL_Driver/Src/stm32f4xx_hal_rcc.o
 .debug_line    0x0000000000005ef2     0x1412 ./Drivers/STM32F4xx_HAL_Driver/Src/stm32f4xx_hal_rcc_ex.o
 .debug_line    0x0000000000007304     0x28ae ./Drivers/STM32F4xx_HAL_Driver/Src/stm32f4xx_hal_uart.o
 .debug_line    0x0000000000009bb2      0x873 ./Middlewares/Third_Party/FreeRTOS/Source/list.o
 .debug_line    0x000000000000a425     0x15f4 ./Middlewares/Third_Party/FreeRTOS/Source/queue.o
 .debug_line    0x000000000000ba19     0x1b2a ./Middlewares/Third_Party/FreeRTOS/Source/tasks.o
 .debug_line    0x000000000000d543      0x81c ./Middlewares/Third_Party/FreeRTOS/Source/portable/GCC/ARM_CM4F/port.o
 .debug_line    0x000000000000dd5f      0xa9a ./Middlewares/Third_Party/FreeRTOS/Source/portable/MemMang/heap_4.o

.debug_str      0x0000000000000000    0xcfd56
 .debug_str     0x0000000000000000    0xc7a28 ./Core/Src/freertos.o
                                      0xc7cea (size before relaxing)
 .debug_str     0x00000000000c7a28     0x11cf ./Core/Src/main.o
                                      0xc8e4f (size before relaxing)
 .debug_str     0x00000000000c8bf7       0x66 ./Core/Src/stm32f4xx_hal_msp.o
                                      0xc873c (size before relaxing)
 .debug_str     0x00000000000c8c5d      0x158 ./Core/Src/stm32f4xx_it.o
                                      0xc7da4 (size before relaxing)
 .debug_str     0x00000000000c8db5       0xdb ./Core/Src/system_stm32f4xx.o
                                      0xc2564 (size before relaxing)
 .debug_str     0x00000000000c8e90       0x34 ./Core/Startup/startup_stm32f446retx.o
                                         0x76 (size before relaxing)
 .debug_str     0x00000000000c8ec4      0x617 ./Drivers/STM32F4xx_HAL_Driver/Src/stm32f4xx_hal.o
                                      0xc3129 (size before relaxing)
 .debug_str     0x00000000000c94db      0x347 ./Drivers/STM32F4xx_HAL_Driver/Src/stm32f4xx_hal_cortex.o
                                      0xc2e4e (size before relaxing)
 .debug_str     0x00000000000c9822       0xcb ./Drivers/STM32F4xx_HAL_Driver/Src/stm32f4xx_hal_gpio.o
                                      0xc26df (size before relaxing)
 .debug_str     0x00000000000c98ed      0x233 ./Drivers/STM32F4xx_HAL_Driver/Src/stm32f4xx_hal_rcc.o
                                      0xc299d (size before relaxing)
 .debug_str     0x00000000000c9b20      0x324 ./Drivers/STM32F4xx_HAL_Driver/Src/stm32f4xx_hal_rcc_ex.o
                                      0xc29d0 (size before relaxing)
 .debug_str     0x00000000000c9e44      0x669 ./Drivers/STM32F4xx_HAL_Driver/Src/stm32f4xx_hal_uart.o
                                      0xc2f54 (size before relaxing)
 .debug_str     0x00000000000ca4ad     0x32da ./Middlewares/Third_Party/FreeRTOS/Source/list.o
                                       0xaa72 (size before relaxing)
 .debug_str     0x00000000000cd787      0xa6e ./Middlewares/Third_Party/FreeRTOS/Source/queue.o
                                       0xc405 (size before relaxing)
 .debug_str     0x00000000000ce1f5     0x10b1 ./Middlewares/Third_Party/FreeRTOS/Source/tasks.o
                                       0xce1c (size before relaxing)
 .debug_str     0x00000000000cf2a6      0x783 ./Middlewares/Third_Party/FreeRTOS/Source/portable/GCC/ARM_CM4F/port.o
                                       0x86bb (size before relaxing)
 .debug_str     0x00000000000cfa29      0x32d ./Middlewares/Third_Party/FreeRTOS/Source/portable/MemMang/heap_4.o
                                       0xb3b4 (size before relaxing)

.debug_frame    0x0000000000000000     0x2cc0
 .debug_frame   0x0000000000000000       0x38 ./Core/Src/freertos.o
 .debug_frame   0x0000000000000038      0x350 ./Core/Src/main.o
 .debug_frame   0x0000000000000388       0x7c ./Core/Src/stm32f4xx_hal_msp.o
 .debug_frame   0x0000000000000404      0x130 ./Core/Src/stm32f4xx_it.o
 .debug_frame   0x0000000000000534       0x58 ./Core/Src/system_stm32f4xx.o
 .debug_frame   0x000000000000058c      0x374 ./Drivers/STM32F4xx_HAL_Driver/Src/stm32f4xx_hal.o
 .debug_frame   0x0000000000000900      0x4b8 ./Drivers/STM32F4xx_HAL_Driver/Src/stm32f4xx_hal_cortex.o
 .debug_frame   0x0000000000000db8      0x14c ./Drivers/STM32F4xx_HAL_Driver/Src/stm32f4xx_hal_gpio.o
 .debug_frame   0x0000000000000f04      0x1f4 ./Drivers/STM32F4xx_HAL_Driver/Src/stm32f4xx_hal_rcc.o
 .debug_frame   0x00000000000010f8      0x1e8 ./Drivers/STM32F4xx_HAL_Driver/Src/stm32f4xx_hal_rcc_ex.o
 .debug_frame   0x00000000000012e0      0x954 ./Drivers/STM32F4xx_HAL_Driver/Src/stm32f4xx_hal_uart.o
 .debug_frame   0x0000000000001c34       0xd8 ./Middlewares/Third_Party/FreeRTOS/Source/list.o
 .debug_frame   0x0000000000001d0c      0x46c ./Middlewares/Third_Party/FreeRTOS/Source/queue.o
 .debug_frame   0x0000000000002178      0x7a0 ./Middlewares/Third_Party/FreeRTOS/Source/tasks.o
 .debug_frame   0x0000000000002918      0x1a8 ./Middlewares/Third_Party/FreeRTOS/Source/portable/GCC/ARM_CM4F/port.o
 .debug_frame   0x0000000000002ac0      0x12c ./Middlewares/Third_Party/FreeRTOS/Source/portable/MemMang/heap_4.o
 .debug_frame   0x0000000000002bec       0x20 D:/New folder/STM32CubeIDE_1.4.0/STM32CubeIDE/plugins/com.st.stm32cube.ide.mcu.externaltools.gnu-tools-for-stm32.11.3.rel1.win32_1.1.100.202309141235/tools/bin/../lib/gcc/arm-none-eabi/11.3.1/../../../../arm-none-eabi/lib/thumb/v7e-m+fp/hard\libc_nano.a(libc_a-memset.o)
 .debug_frame   0x0000000000002c0c       0x2c D:/New folder/STM32CubeIDE_1.4.0/STM32CubeIDE/plugins/com.st.stm32cube.ide.mcu.externaltools.gnu-tools-for-stm32.11.3.rel1.win32_1.1.100.202309141235/tools/bin/../lib/gcc/arm-none-eabi/11.3.1/../../../../arm-none-eabi/lib/thumb/v7e-m+fp/hard\libc_nano.a(libc_a-init.o)
 .debug_frame   0x0000000000002c38       0x28 D:/New folder/STM32CubeIDE_1.4.0/STM32CubeIDE/plugins/com.st.stm32cube.ide.mcu.externaltools.gnu-tools-for-stm32.11.3.rel1.win32_1.1.100.202309141235/tools/bin/../lib/gcc/arm-none-eabi/11.3.1/../../../../arm-none-eabi/lib/thumb/v7e-m+fp/hard\libc_nano.a(libc_a-memcpy-stub.o)
 .debug_frame   0x0000000000002c60       0x2c D:/New folder/STM32CubeIDE_1.4.0/STM32CubeIDE/plugins/com.st.stm32cube.ide.mcu.externaltools.gnu-tools-for-stm32.11.3.rel1.win32_1.1.100.202309141235/tools/bin/../lib/gcc/arm-none-eabi/11.3.1/thumb/v7e-m+fp/hard\libgcc.a(_aeabi_uldivmod.o)
 .debug_frame   0x0000000000002c8c       0x34 D:/New folder/STM32CubeIDE_1.4.0/STM32CubeIDE/plugins/com.st.stm32cube.ide.mcu.externaltools.gnu-tools-for-stm32.11.3.rel1.win32_1.1.100.202309141235/tools/bin/../lib/gcc/arm-none-eabi/11.3.1/thumb/v7e-m+fp/hard\libgcc.a(_udivmoddi4.o)

.debug_line_str
                0x0000000000000000       0x6a
 .debug_line_str
                0x0000000000000000       0x6a ./Core/Startup/startup_stm32f446retx.o
                                         0x82 (size before relaxing)
